Archive member included because of file (symbol)

D:\CCore_IDE/tool-chain/ccore-elf/lib/gcc/mcore-elf/4.6.0/c0_div\libgcc.a(_fixunssfsi.o)
                              ./Function/bsp/bsp.o (__fixunssfsi)
D:\CCore_IDE/tool-chain/ccore-elf/lib/gcc/mcore-elf/4.6.0/c0_div\libgcc.a(_fixunsdfsi.o)
                              ./Fixed/tp/tp.o (__fixunsdfsi)
D:\CCore_IDE/tool-chain/ccore-elf/lib/gcc/mcore-elf/4.6.0/c0_div\libgcc.a(_gt_sf.o)
                              ./Fixed/tp/tp.o (__gtsf2)
D:\CCore_IDE/tool-chain/ccore-elf/lib/gcc/mcore-elf/4.6.0/c0_div\libgcc.a(_ge_sf.o)
                              D:\CCore_IDE/tool-chain/ccore-elf/lib/gcc/mcore-elf/4.6.0/c0_div\libgcc.a(_fixunssfsi.o) (__gesf2)
D:\CCore_IDE/tool-chain/ccore-elf/lib/gcc/mcore-elf/4.6.0/c0_div\libgcc.a(_lt_sf.o)
                              ./Fixed/tp/tp.o (__ltsf2)
D:\CCore_IDE/tool-chain/ccore-elf/lib/gcc/mcore-elf/4.6.0/c0_div\libgcc.a(_le_sf.o)
                              ./Function/bsp/bsp.o (__lesf2)
D:\CCore_IDE/tool-chain/ccore-elf/lib/gcc/mcore-elf/4.6.0/c0_div\libgcc.a(_si_to_sf.o)
                              ./Function/bsp/bsp.o (__floatsisf)
D:\CCore_IDE/tool-chain/ccore-elf/lib/gcc/mcore-elf/4.6.0/c0_div\libgcc.a(_sf_to_si.o)
                              ./Function/bsp/bsp.o (__fixsfsi)
D:\CCore_IDE/tool-chain/ccore-elf/lib/gcc/mcore-elf/4.6.0/c0_div\libgcc.a(_usi_to_sf.o)
                              ./Function/bsp/bsp.o (__floatunsisf)
D:\CCore_IDE/tool-chain/ccore-elf/lib/gcc/mcore-elf/4.6.0/c0_div\libgcc.a(_addsub_df.o)
                              D:\CCore_IDE/tool-chain/ccore-elf/lib/gcc/mcore-elf/4.6.0/c0_div\libgcc.a(_fixunsdfsi.o) (__subdf3)
D:\CCore_IDE/tool-chain/ccore-elf/lib/gcc/mcore-elf/4.6.0/c0_div\libgcc.a(_ge_df.o)
                              D:\CCore_IDE/tool-chain/ccore-elf/lib/gcc/mcore-elf/4.6.0/c0_div\libgcc.a(_fixunsdfsi.o) (__gedf2)
D:\CCore_IDE/tool-chain/ccore-elf/lib/gcc/mcore-elf/4.6.0/c0_div\libgcc.a(_df_to_si.o)
                              D:\CCore_IDE/tool-chain/ccore-elf/lib/gcc/mcore-elf/4.6.0/c0_div\libgcc.a(_fixunsdfsi.o) (__fixdfsi)
D:\CCore_IDE/tool-chain/ccore-elf/lib/gcc/mcore-elf/4.6.0/c0_div\libgcc.a(_thenan_df.o)
                              D:\CCore_IDE/tool-chain/ccore-elf/lib/gcc/mcore-elf/4.6.0/c0_div\libgcc.a(_addsub_df.o) (__thenan_df)
D:\CCore_IDE/tool-chain/ccore-elf/lib/gcc/mcore-elf/4.6.0/c0_div\libgcc.a(_usi_to_df.o)
                              ./Fixed/tp/tp.o (__floatunsidf)
D:\CCore_IDE/tool-chain/ccore-elf/lib/gcc/mcore-elf/4.6.0/c0_div\libgcc.a(_clzsi2.o)
                              D:\CCore_IDE/tool-chain/ccore-elf/lib/gcc/mcore-elf/4.6.0/c0_div\libgcc.a(_si_to_sf.o) (__clzsi2)
D:\CCore_IDE/tool-chain/ccore-elf/lib/gcc/mcore-elf/4.6.0/c0_div\libgcc.a(_pack_sf.o)
                              D:\CCore_IDE/tool-chain/ccore-elf/lib/gcc/mcore-elf/4.6.0/c0_div\libgcc.a(_si_to_sf.o) (__pack_f)
D:\CCore_IDE/tool-chain/ccore-elf/lib/gcc/mcore-elf/4.6.0/c0_div\libgcc.a(_unpack_sf.o)
                              D:\CCore_IDE/tool-chain/ccore-elf/lib/gcc/mcore-elf/4.6.0/c0_div\libgcc.a(_gt_sf.o) (__unpack_f)
D:\CCore_IDE/tool-chain/ccore-elf/lib/gcc/mcore-elf/4.6.0/c0_div\libgcc.a(_fpcmp_parts_sf.o)
                              D:\CCore_IDE/tool-chain/ccore-elf/lib/gcc/mcore-elf/4.6.0/c0_div\libgcc.a(_gt_sf.o) (__fpcmp_parts_f)
D:\CCore_IDE/tool-chain/ccore-elf/lib/gcc/mcore-elf/4.6.0/c0_div\libgcc.a(_pack_df.o)
                              D:\CCore_IDE/tool-chain/ccore-elf/lib/gcc/mcore-elf/4.6.0/c0_div\libgcc.a(_addsub_df.o) (__pack_d)
D:\CCore_IDE/tool-chain/ccore-elf/lib/gcc/mcore-elf/4.6.0/c0_div\libgcc.a(_unpack_df.o)
                              D:\CCore_IDE/tool-chain/ccore-elf/lib/gcc/mcore-elf/4.6.0/c0_div\libgcc.a(_addsub_df.o) (__unpack_d)
D:\CCore_IDE/tool-chain/ccore-elf/lib/gcc/mcore-elf/4.6.0/c0_div\libgcc.a(_fpcmp_parts_df.o)
                              D:\CCore_IDE/tool-chain/ccore-elf/lib/gcc/mcore-elf/4.6.0/c0_div\libgcc.a(_ge_df.o) (__fpcmp_parts_d)
D:\CCore_IDE/tool-chain/ccore-elf/lib/gcc/mcore-elf/4.6.0/c0_div\libgcc.a(_lshrdi3.o)
                              D:\CCore_IDE/tool-chain/ccore-elf/lib/gcc/mcore-elf/4.6.0/c0_div\libgcc.a(_pack_df.o) (__lshrdi3)
D:\CCore_IDE/tool-chain/ccore-elf/lib/gcc/mcore-elf/4.6.0/c0_div\libgcc.a(_ashldi3.o)
                              D:\CCore_IDE/tool-chain/ccore-elf/lib/gcc/mcore-elf/4.6.0/c0_div\libgcc.a(_pack_df.o) (__ashldi3)
D:\CCore_IDE/tool-chain/ccore-elf/lib/gcc/mcore-elf/4.6.0/c0_div\libgcc.a(_clz.o)
                              D:\CCore_IDE/tool-chain/ccore-elf/lib/gcc/mcore-elf/4.6.0/c0_div\libgcc.a(_clzsi2.o) (__clz_tab)
D:\E Battery Display Screen\project_2\LT268A_TFT_public_demo_8bits_20211026_LIB-KLL\Levetoplib\liblevetop.a(main.o)
                              ./USER/main.o (LT_ReadParam)
D:\CCore_IDE/tool-chain/ccore-elf/mcore-elf/lib/c0_div\libc.a(lib_a-atoi.o)
                              ./Function/bsp/bsp.o (atoi)
[...]
Memory Configuration

Name             Origin             Length             Attributes
rom              0x00001800         0x0000e800
ram              0x00800000         0x00001e00
*default*        0x00000000         0xffffffff

Linker script and memory map

                0x00801dfc                STACK_LOCATION = 0x801dfc

.text_entry     0x00001800      0x100
                0x00001800                VECTOR_LOCATION = .
 *vector_table.o(.rodata*)
 .rodata        0x00001800      0x100 ./MCU/vector_table/vector_table.o
                0x00001800                VecTable

.rodata         0x00001900     0x1fc8
 *(.rodata*)
 .rodata.str1.4
                0x00001900       0x77 ./USER/main.o
 *fill*         0x00001977        0x1 00
 .rodata.str1.4
                0x00001978      0x146 ./USER/vector_rce.o
 *fill*         0x00001abe        0x2 00
 .rodata        0x00001ac0      0x200 ./MCU/uart/uart.o
                0x00001ac0                crc_byte_lo
                0x00001bc0                crc_byte_hi
 .rodata        0x00001cc0       0x80 ./Function/bsp_user/bsp_user.o
 .rodata.str1.4
                0x00001d40       0x3c ./Function/bsp/bsp.o
 .rodata        0x00001d7c      0x250 ./Function/bsp/bsp.o
                0x00001fac                gDutyBuf
 .rodata.cst4   0x00001fcc        0x8 ./Function/bsp/bsp.o
 .rodata.str1.4
                0x00001fd4       0x60 ./Fixed/tp/tp.o
 .rodata.cst4   0x00002034        0xc ./Fixed/tp/tp.o
 .rodata        0x00002040      0x16c ./Fixed/SinCosTable/SinCosTable.o
                0x00002040                SinCosTable
 .rodata        0x000021ac     0x146b ./Display/font.o
                0x000021ac                gb2312_char_32
                0x0000220c                gb2312_char_24
                0x0000226c                gb2312_char_16
                0x000022cb                asc2_2412
                0x00003027                asc2_1608
 *fill*         0x00003617        0x1 00
 .rodata.cst4   0x00003618        0x4 D:\CCore_IDE/tool-chain/ccore-elf/lib/gcc/mcore-elf/4.6.0/c0_div\libgcc.a(_fixunssfsi.o)
 .rodata        0x0000361c        0x8 D:\CCore_IDE/tool-chain/ccore-elf/lib/gcc/mcore-elf/4.6.0/c0_div\libgcc.a(_fixunsdfsi.o)
 .rodata.cst4   0x00003624        0x4 D:\CCore_IDE/tool-chain/ccore-elf/lib/gcc/mcore-elf/4.6.0/c0_div\libgcc.a(_si_to_sf.o)
 .rodata        0x00003628       0x14 D:\CCore_IDE/tool-chain/ccore-elf/lib/gcc/mcore-elf/4.6.0/c0_div\libgcc.a(_thenan_df.o)
                0x00003628                __thenan_df
 .rodata        0x0000363c       0x18 D:\CCore_IDE/tool-chain/ccore-elf/lib/gcc/mcore-elf/4.6.0/c0_div\libgcc.a(_pack_df.o)
 .rodata        0x00003654       0x18 D:\CCore_IDE/tool-chain/ccore-elf/lib/gcc/mcore-elf/4.6.0/c0_div\libgcc.a(_unpack_df.o)
 .rodata        0x0000366c      0x100 D:\CCore_IDE/tool-chain/ccore-elf/lib/gcc/mcore-elf/4.6.0/c0_div\libgcc.a(_clz.o)
                0x0000366c                __clz_tab
 .rodata        0x0000376c       0x24 D:\E Battery Display Screen\project_2\LT268A_TFT_public_demo_8bits_20211026_LIB-KLL\Levetoplib\liblevetop.a(main.o)
                0x0000376c                LCD_PARAM_ADDR
                0x00003770                XY_SIZE_ADDR
                0x00003774                BAUDRATE_ADDR
                0x00003778                VERSION_TABLE_ADDR
                0x0000377c                CMD_INFO_ADDR
                0x00003780                FONT_TABLE_ADDR
                0x00003784                PIC_TABLE_ADDR2
                0x00003788                PIC_TABLE_ADDR
                0x0000378c                CMD_TABLE_ADDR
 .rodata.str1.4
                0x00003790        0x2 D:\CCore_IDE/tool-chain/ccore-elf/mcore-elf/lib/c0_div\libc.a(lib_a-impure.o)
 *fill*         0x00003792        0x2 00
 .rodata        0x00003794      0x101 D:\CCore_IDE/tool-chain/ccore-elf/mcore-elf/lib/c0_div\libc.a(lib_a-ctype_.o)
                0x00003794                _ctype_
 *fill*         0x00003895        0x3 00
 .rodata.str1.4
                0x00003898        0x5 D:\CCore_IDE/tool-chain/ccore-elf/mcore-elf/lib/c0_div\libm.a(lib_a-w_sqrt.o)
 *fill*         0x0000389d        0x3 00
 .rodata        0x000038a0        0x8 D:\CCore_IDE/tool-chain/ccore-elf/mcore-elf/lib/c0_div\libm.a(lib_a-w_sqrt.o)
 .rodata        0x000038a8       0x18 D:\CCore_IDE/tool-chain/ccore-elf/lib/gcc/mcore-elf/4.6.0/c0_div\libgcc.a(_mul_df.o)
 .rodata        0x000038c0        0x8 D:\CCore_IDE/tool-chain/ccore-elf/lib/gcc/mcore-elf/4.6.0/c0_div\libgcc.a(_div_df.o)

.text           0x000038d0     0xbd08
 *(.text*)
 .text          0x000038d0       0x80 ./USER/crt0.o
                0x000038d0                __start
                0x00003924                exit
 .text          0x00003950      0x620 ./USER/fp_ff1.o
                0x00003a16                sfpFloatNormalize
                0x00003ae4                __addsf3
                0x00003bf8                __subsf3
                0x00003c82                __mulsf3
                0x00003dd0                __divsf3
                0x00003ec2                _f_ftod
                0x00003f2e                _f_itof
 .text.InitialChip
                0x00003f70       0x88 ./USER/main.o
                0x00003f70                InitialChip
 .text.main     0x00003ff8      0x230 ./USER/main.o
                0x00003ff8                main
 .text.DummyHandler
                0x00004228       0x18 ./USER/vector_rce.o
                0x00004228                DummyHandler
 .text.Misaligned_Access
                0x00004240       0x18 ./USER/vector_rce.o
                0x00004240                Misaligned_Access
 .text.Access_Error
                0x00004258       0x18 ./USER/vector_rce.o
                0x00004258                Access_Error
 .text.Illegal_Instrn
                0x00004270       0x18 ./USER/vector_rce.o
                0x00004270                Illegal_Instrn
 .text.Breakpoint_Exception
                0x00004288       0x18 ./USER/vector_rce.o
                0x00004288                Breakpoint_Exception
 .text.Unrecoverable_Error
                0x000042a0       0x18 ./USER/vector_rce.o
                0x000042a0                Unrecoverable_Error
 .text.__main   0x000042b8       0x5c ./USER/vector_rce.o
                0x000042b8                __main
 .text.Uart_Init
                0x00004314       0x58 ./MCU/uart/uart.o
                0x00004314                Uart_Init
 .text.SCI0_Handler
                0x0000436c      0x14c ./MCU/uart/uart.o
                0x0000436c                SCI0_Handler
 .text.SerialOutChar
                0x000044b8       0x3c ./MCU/uart/uart.o
                0x000044b8                SerialOutChar
 .text.LT_ClearRxBuf
                0x000044f4       0x18 ./MCU/uart/uart.o
                0x000044f4                LT_ClearRxBuf
 .text.LT_DataToPc
                0x0000450c       0xf8 ./MCU/uart/uart.o
                0x0000450c                LT_DataToPc
 .text.crc16_check
                0x00004604       0x44 ./MCU/uart/uart.o
                0x00004604                crc16_check
 .text.N_BatteryData_Filling
                0x00004648       0x58 ./MCU/uart/uart.o
                0x00004648                N_BatteryData_Filling
 .text.Receive_E_Handle
                0x000046a0      0x108 ./MCU/uart/uart.o
                0x000046a0                Receive_E_Handle
 .text.change   0x000047a8       0xd0 ./MCU/uart/uart.o
                0x000047a8                change
 .text.show_icon
                0x00004878       0xb4 ./MCU/uart/uart.o
                0x00004878                show_icon
 .text.show_temp
                0x0000492c      0x130 ./MCU/uart/uart.o
                0x0000492c                show_temp
 .text.show_number
                0x00004a5c      0x298 ./MCU/uart/uart.o
                0x00004a5c                show_number
 .text.show_electricity
                0x00004cf4      0x46c ./MCU/uart/uart.o
                0x00004cf4                show_electricity
 .text.show     0x00005160       0x94 ./MCU/uart/uart.o
                0x00005160                show
 .text.LCD_BL_Init
                0x000051f4       0x4c ./MCU/pwm/pwm.o
                0x000051f4                LCD_BL_Init
 .text.LT_BacklightSet
                0x00005240        0xc ./MCU/pwm/pwm.o
                0x00005240                LT_BacklightSet
 .text.PIT0_Handler
                0x0000524c       0x28 ./MCU/pit/pit.o
                0x0000524c                PIT0_Handler
 .text.LT_UsartTimeDisable
                0x00005274       0x14 ./MCU/pit/pit.o
                0x00005274                LT_UsartTimeDisable
 .text.LT_UsartTimeEnable
                0x00005288       0x14 ./MCU/pit/pit.o
                0x00005288                LT_UsartTimeEnable
 .text.LT_UsartTimeSetCounter
                0x0000529c       0x20 ./MCU/pit/pit.o
                0x0000529c                LT_UsartTimeSetCounter
 .text.PIT1_Handler
                0x000052bc       0x58 ./MCU/pit/pit.o
                0x000052bc                PIT1_Handler
 .text.PIT3_Handler
                0x00005314       0xd4 ./MCU/pit/pit.o
                0x00005314                PIT3_Handler
 .text.PIT0_Init
                0x000053e8       0x3c ./MCU/pit/pit.o
                0x000053e8                PIT0_Init
 .text.PIT3_Init
                0x00005424       0x40 ./MCU/pit/pit.o
                0x00005424                PIT3_Init
 .text.myitoa   0x00005464       0x90 ./MCU/iostring/iostring.o
                0x00005464                myitoa
 .text.LTPrintf
                0x000054f4       0xcc ./MCU/iostring/iostring.o
                0x000054f4                LTPrintf
 .text.EFM_init
                0x000055c0       0x2c ./MCU/flash/flash.o
                0x000055c0                EFM_init
 .text.FLASH_ProgramWord
                0x000055ec       0x38 ./MCU/flash/flash.o
                0x000055ec                FLASH_ProgramWord
 .text.EFM_EFlashSectorErase
                0x00005624       0x40 ./MCU/flash/flash.o
                0x00005624                EFM_EFlashSectorErase
 .text.SPI_1_LDMA_Rx_Start
                0x00005664       0x1a ./MCU/dma/dma.o
                0x00005664                SPI_1_LDMA_Rx_Start
 .text.SPI_1_LDMA_Tx_Start
                0x0000567e       0x1a ./MCU/dma/dma.o
                0x0000567e                SPI_1_LDMA_Tx_Start
 .text.delay    0x00005698       0x1a ./MCU/delay/delay.o
                0x00005698                delay
 *fill*         0x000056b2        0x2 bebe
 .text.Delay_us
                0x000056b4       0x54 ./MCU/delay/delay.o
                0x000056b4                Delay_us
 .text.Delay_ms
                0x00005708       0xbc ./MCU/delay/delay.o
                0x00005708                Delay_ms
 .text.LT_ManageCmd_60
                0x000057c4       0xa4 ./Function/bsp_user/bsp_user.o
                0x000057c4                LT_ManageCmd_60
 .text.LT_ManageCmd_61
                0x00005868        0x4 ./Function/bsp_user/bsp_user.o
                0x00005868                LT_ManageCmd_61
 .text.User_Function
                0x0000586c      0x130 ./Function/bsp_user/bsp_user.o
                0x0000586c                User_Function
 .text.LT_Color24_To_16
                0x0000599c       0x1c ./Function/bsp/bsp.o
                0x0000599c                LT_Color24_To_16
 .text.LT_Color8_To_16
                0x000059b8       0x5a ./Function/bsp/bsp.o
                0x000059b8                LT_Color8_To_16
 .text.Rx_CRC_CCITT
                0x00005a12       0x38 ./Function/bsp/bsp.o
                0x00005a12                Rx_CRC_CCITT
 *fill*         0x00005a4a        0x2 bebe
 .text.LT_ReadFlash
                0x00005a4c       0x14 ./Function/bsp/bsp.o
                0x00005a4c                LT_ReadFlash
 .text.close_old_window
                0x00005a60       0x9c ./Function/bsp/bsp.o
                0x00005a60                close_old_window
 .text.LT_ManageCmd_80
                0x00005afc       0xc8 ./Function/bsp/bsp.o
                0x00005afc                LT_ManageCmd_80
 .text.LT_ManageCmd_8A
                0x00005bc4       0xc8 ./Function/bsp/bsp.o
                0x00005bc4                LT_ManageCmd_8A
 .text.LT_ManageCmd_8F
                0x00005c8c       0xa8 ./Function/bsp/bsp.o
                0x00005c8c                LT_ManageCmd_8F
 .text.LT_ManageCmd_81
                0x00005d34      0x1bc ./Function/bsp/bsp.o
                0x00005d34                LT_ManageCmd_81
 .text.LT_ShowTurnPicture
                0x00005ef0       0xc4 ./Function/bsp/bsp.o
                0x00005ef0                LT_ShowTurnPicture
 .text.TurnForm
                0x00005fb4       0x78 ./Function/bsp/bsp.o
                0x00005fb4                TurnForm
 .text.LT_ManageCmd_84
                0x0000602c      0x14c ./Function/bsp/bsp.o
                0x0000602c                LT_ManageCmd_84
 .text.LT_ManageCmd_85
                0x00006178       0x84 ./Function/bsp/bsp.o
                0x00006178                LT_ManageCmd_85
 .text.LT_ManageCmd_88
                0x000061fc      0x1a8 ./Function/bsp/bsp.o
                0x000061fc                LT_ManageCmd_88
 .text.LT_ShowGifPicture
                0x000063a4      0x188 ./Function/bsp/bsp.o
                0x000063a4                LT_ShowGifPicture
 .text.TurnGif  0x0000652c       0x80 ./Function/bsp/bsp.o
                0x0000652c                TurnGif
 .text.LT_ManageCmd_89
                0x000065ac      0x10c ./Function/bsp/bsp.o
                0x000065ac                LT_ManageCmd_89
 .text.LT_NumWidth_90
                0x000066b8       0xf8 ./Function/bsp/bsp.o
                0x000066b8                LT_NumWidth_90
 .text.Display_Number_picturn
                0x000067b0      0x518 ./Function/bsp/bsp.o
                0x000067b0                Display_Number_picturn
 .text.LT_ManageCmd_90
                0x00006cc8      0x128 ./Function/bsp/bsp.o
                0x00006cc8                LT_ManageCmd_90
 .text.LT_ManageCmd_9E
                0x00006df0      0x100 ./Function/bsp/bsp.o
                0x00006df0                LT_ManageCmd_9E
 .text.LT_ManageCmd_A0
                0x00006ef0      0x1d8 ./Function/bsp/bsp.o
                0x00006ef0                LT_ManageCmd_A0
 .text.LT_ManageCmd_A1
                0x000070c8      0x11c ./Function/bsp/bsp.o
                0x000070c8                LT_ManageCmd_A1
 .text.LT_ManageCmd_A2
                0x000071e4      0x15c ./Function/bsp/bsp.o
                0x000071e4                LT_ManageCmd_A2
 .text.LT_ManageCmd_A3
                0x00007340       0xd4 ./Function/bsp/bsp.o
                0x00007340                LT_ManageCmd_A3
 .text.LT_ManageCmd_BA
                0x00007414       0x50 ./Function/bsp/bsp.o
                0x00007414                LT_ManageCmd_BA
 .text.LT_ManageCmd_BD
                0x00007464       0x4c ./Function/bsp/bsp.o
                0x00007464                LT_ManageCmd_BD
 .text.LT_ManageCmd_BE
                0x000074b0       0x3c ./Function/bsp/bsp.o
                0x000074b0                LT_ManageCmd_BE
 .text.Get_Compile_Date
                0x000074ec       0xa0 ./Function/bsp/bsp.o
                0x000074ec                Get_Compile_Date
 .text.LT_ManageCmd_BF
                0x0000758c       0x88 ./Function/bsp/bsp.o
                0x0000758c                LT_ManageCmd_BF
 .text.LT_ManageCmd_C0_C3
                0x00007614      0x1e4 ./Function/bsp/bsp.o
                0x00007614                LT_ManageCmd_C0_C3
 .text.LT_ManageCmd_C9
                0x000077f8       0x7c ./Function/bsp/bsp.o
                0x000077f8                LT_ManageCmd_C9
 .text.LT_ManageCmd_D8
                0x00007874      0x170 ./Function/bsp/bsp.o
                0x00007874                LT_ManageCmd_D8
 .text.Roll_one
                0x000079e4      0x1c8 ./Function/bsp/bsp.o
                0x000079e4                Roll_one
 .text.TurnRoll_One
                0x00007bac       0xb0 ./Function/bsp/bsp.o
                0x00007bac                TurnRoll_One
 .text.LT_ManageCmd_D9
                0x00007c5c      0x1b8 ./Function/bsp/bsp.o
                0x00007c5c                LT_ManageCmd_D9
 .text.Roll     0x00007e14      0x1a4 ./Function/bsp/bsp.o
                0x00007e14                Roll
 .text.TurnPicture
                0x00007fb8      0x13c ./Function/bsp/bsp.o
                0x00007fb8                TurnPicture
 .text.LT_ManageCmd_DB
                0x000080f4      0x180 ./Function/bsp/bsp.o
                0x000080f4                LT_ManageCmd_DB
 .text.LT_ManageCmd_DC
                0x00008274      0x19c ./Function/bsp/bsp.o
                0x00008274                LT_ManageCmd_DC
 .text.LT_Idle  0x00008410       0x24 ./Function/bsp/bsp.o
                0x00008410                LT_Idle
 .text.Main_From_UartRxBuff
                0x00008434      0x180 ./Function/bsp/bsp.o
                0x00008434                Main_From_UartRxBuff
 .text.LT_ManageCmd_BC
                0x000085b4       0xe4 ./Function/bsp/bsp.o
                0x000085b4                LT_ManageCmd_BC
 .text.New_Function
                0x00008698      0x49c ./Function/bsp/bsp.o
                0x00008698                New_Function
 .text.Slide    0x00008b34      0x184 ./Function/bsp/bsp.o
                0x00008b34                Slide
 .text.button2  0x00008cb8      0x140 ./Function/bsp/bsp.o
                0x00008cb8                button2
 .text.button   0x00008df8      0x1d8 ./Function/bsp/bsp.o
                0x00008df8                button
 .text.LT_ManageCmd_9A
                0x00008fd0       0xd8 ./Function/bsp/bsp.o
                0x00008fd0                LT_ManageCmd_9A
 .text.LT_ManageCmd_8B
                0x000090a8       0xb8 ./Function/bsp/bsp.o
                0x000090a8                LT_ManageCmd_8B
 .text.SPI1_ReadWriteByte
                0x00009160       0x24 ./Fixed/w25qxx/w25qxx.o
                0x00009160                SPI1_ReadWriteByte
 .text.LT268_W25QXX_ReadID
                0x00009184       0x4c ./Fixed/w25qxx/w25qxx.o
                0x00009184                LT268_W25QXX_ReadID
 .text.LT268_W25QXX_4Byte_addr
                0x000091d0       0x28 ./Fixed/w25qxx/w25qxx.o
                0x000091d0                LT268_W25QXX_4Byte_addr
 .text.LT268_W25QXX_Read
                0x000091f8       0x7c ./Fixed/w25qxx/w25qxx.o
                0x000091f8                LT268_W25QXX_Read
 .text.LT_TpScan
                0x00009274        0x4 ./Fixed/tp/tp.o
                0x00009274                LT_TpScan
 .text.LT_TpInit
                0x00009278       0x14 ./Fixed/tp/tp.o
                0x00009278                LT_TpInit
 .text.LT_TpDrawTouchPoint
                0x0000928c       0x50 ./Fixed/tp/tp.o
                0x0000928c                LT_TpDrawTouchPoint
 .text.LT_TpSaveAdjdata
                0x000092dc       0xe8 ./Fixed/tp/tp.o
                0x000092dc                LT_TpSaveAdjdata
 .text.LT_TpAdjust
                0x000093c4      0x43c ./Fixed/tp/tp.o
                0x000093c4                LT_TpAdjust
 .text.rangeAngle
                0x00009800       0x1c ./Fixed/SinCosTable/SinCosTable.o
                0x00009800                rangeAngle
 .text.fast_sin
                0x0000981c       0x78 ./Fixed/SinCosTable/SinCosTable.o
                0x0000981c                fast_sin
 .text.fast_cos
                0x00009894       0x80 ./Fixed/SinCosTable/SinCosTable.o
                0x00009894                fast_cos
 .text.Reset_Init
                0x00009914       0x44 ./Display/TFTLCD.o
                0x00009914                Reset_Init
 .text.Data_8_Port_Init
                0x00009958       0xf0 ./Display/TFTLCD.o
                0x00009958                Data_8_Port_Init
 .text.TFT_CommandWrite
                0x00009a48       0x3c ./Display/TFTLCD.o
                0x00009a48                TFT_CommandWrite
 .text.TFT_DataWrite
                0x00009a84       0x3c ./Display/TFTLCD.o
                0x00009a84                TFT_DataWrite
 .text.LCD_TFT_Init
                0x00009ac0      0x158 ./Display/TFTLCD.o
                0x00009ac0                LCD_TFT_Init
 .text.LT268_TFT_SetWindows
                0x00009c18       0x68 ./Display/TFTLCD.o
                0x00009c18                LT268_TFT_SetWindows
 .text.SPI_Init
                0x00009c80      0x11c ./Display/function.o
                0x00009c80                SPI_Init
 .text.LT268_TFT_DrawPoint
                0x00009d9c       0x2c ./Display/function.o
                0x00009d9c                LT268_TFT_DrawPoint
 .text.LT268_TFT_FillColor
                0x00009dc8       0x80 ./Display/function.o
                0x00009dc8                LT268_TFT_FillColor
 .text.LT268_TFT_DrawLine
                0x00009e48       0xa4 ./Display/function.o
                0x00009e48                LT268_TFT_DrawLine
 .text.LT268_TFT_Draw_hline
                0x00009eec       0x3c ./Display/function.o
                0x00009eec                LT268_TFT_Draw_hline
 .text.LT268_TFT_DrawSquare_Fill
                0x00009f28       0x38 ./Display/function.o
                0x00009f28                LT268_TFT_DrawSquare_Fill
 .text._draw_circle_8
                0x00009f60       0x98 ./Display/function.o
                0x00009f60                _draw_circle_8
 .text.LT268_TFT_DrawCircle
                0x00009ff8       0x54 ./Display/function.o
                0x00009ff8                LT268_TFT_DrawCircle
 .text.LT268_TFT_DrawCircle_Fill
                0x0000a04c       0xdc ./Display/function.o
                0x0000a04c                LT268_TFT_DrawCircle_Fill
 .text.LT268_TFT_ShowNum
                0x0000a128      0x1f8 ./Display/function.o
                0x0000a128                LT268_TFT_ShowNum
 .text.LT268_TFT_Get_HzMat
                0x0000a320       0x3c ./Display/function.o
                0x0000a320                LT268_TFT_Get_HzMat
 .text.LT268_TFT_Show_Internal_Char
                0x0000a35c      0x130 ./Display/function.o
                0x0000a35c                LT268_TFT_Show_Internal_Char
 .text.LT268_TFT_Show_Outside_GB2312
                0x0000a48c       0xbc ./Display/function.o
                0x0000a48c                LT268_TFT_Show_Outside_GB2312
 .text.LT268_TFT_ShowAscll
                0x0000a548       0x90 ./Display/function.o
                0x0000a548                LT268_TFT_ShowAscll
 .text.LT268_TFT_ShowString
                0x0000a5d8      0x1b0 ./Display/function.o
                0x0000a5d8                LT268_TFT_ShowString
 .text.LT268_Display_ON
                0x0000a788       0x14 ./Display/function.o
                0x0000a788                LT268_Display_ON
 .text.LT268_Display_OFF
                0x0000a79c       0x14 ./Display/function.o
                0x0000a79c                LT268_Display_OFF
 .text          0x0000a7b0       0x40 D:\CCore_IDE/tool-chain/ccore-elf/lib/gcc/mcore-elf/4.6.0/c0_div\libgcc.a(_fixunssfsi.o)
                0x0000a7b0                __fixunssfsi
 .text          0x0000a7f0       0x60 D:\CCore_IDE/tool-chain/ccore-elf/lib/gcc/mcore-elf/4.6.0/c0_div\libgcc.a(_fixunsdfsi.o)
                0x0000a7f0                __fixunsdfsi
 .text          0x0000a850       0x48 D:\CCore_IDE/tool-chain/ccore-elf/lib/gcc/mcore-elf/4.6.0/c0_div\libgcc.a(_gt_sf.o)
                0x0000a850                __gtsf2
 .text          0x0000a898       0x48 D:\CCore_IDE/tool-chain/ccore-elf/lib/gcc/mcore-elf/4.6.0/c0_div\libgcc.a(_ge_sf.o)
                0x0000a898                __gesf2
 .text          0x0000a8e0       0x44 D:\CCore_IDE/tool-chain/ccore-elf/lib/gcc/mcore-elf/4.6.0/c0_div\libgcc.a(_lt_sf.o)
                0x0000a8e0                __ltsf2
 .text          0x0000a924       0x44 D:\CCore_IDE/tool-chain/ccore-elf/lib/gcc/mcore-elf/4.6.0/c0_div\libgcc.a(_le_sf.o)
                0x0000a924                __lesf2
 .text          0x0000a968       0x68 D:\CCore_IDE/tool-chain/ccore-elf/lib/gcc/mcore-elf/4.6.0/c0_div\libgcc.a(_si_to_sf.o)
                0x0000a968                __floatsisf
 .text          0x0000a9d0       0x5c D:\CCore_IDE/tool-chain/ccore-elf/lib/gcc/mcore-elf/4.6.0/c0_div\libgcc.a(_sf_to_si.o)
                0x0000a9d0                __fixsfsi
 .text          0x0000aa2c       0x78 D:\CCore_IDE/tool-chain/ccore-elf/lib/gcc/mcore-elf/4.6.0/c0_div\libgcc.a(_usi_to_sf.o)
                0x0000aa2c                __floatunsisf
 .text          0x0000aaa4      0x2b0 D:\CCore_IDE/tool-chain/ccore-elf/lib/gcc/mcore-elf/4.6.0/c0_div\libgcc.a(_addsub_df.o)
                0x0000acc2                __adddf3
                0x0000acfe                __subdf3
 .text          0x0000ad54       0x4c D:\CCore_IDE/tool-chain/ccore-elf/lib/gcc/mcore-elf/4.6.0/c0_div\libgcc.a(_ge_df.o)
                0x0000ad54                __gedf2
 .text          0x0000ada0       0x7c D:\CCore_IDE/tool-chain/ccore-elf/lib/gcc/mcore-elf/4.6.0/c0_div\libgcc.a(_df_to_si.o)
                0x0000ada0                __fixdfsi
 .text          0x0000ae1c       0xd4 D:\CCore_IDE/tool-chain/ccore-elf/lib/gcc/mcore-elf/4.6.0/c0_div\libgcc.a(_usi_to_df.o)
                0x0000ae1c                __floatunsidf
 .text          0x0000aef0       0x4c D:\CCore_IDE/tool-chain/ccore-elf/lib/gcc/mcore-elf/4.6.0/c0_div\libgcc.a(_clzsi2.o)
                0x0000aef0                __clzsi2
 .text          0x0000af3c       0xe0 D:\CCore_IDE/tool-chain/ccore-elf/lib/gcc/mcore-elf/4.6.0/c0_div\libgcc.a(_pack_sf.o)
                0x0000af3c                __pack_f
 .text          0x0000b01c       0x70 D:\CCore_IDE/tool-chain/ccore-elf/lib/gcc/mcore-elf/4.6.0/c0_div\libgcc.a(_unpack_sf.o)
                0x0000b01c                __unpack_f
 .text          0x0000b08c       0x82 D:\CCore_IDE/tool-chain/ccore-elf/lib/gcc/mcore-elf/4.6.0/c0_div\libgcc.a(_fpcmp_parts_sf.o)
                0x0000b08c                __fpcmp_parts_f
 *fill*         0x0000b10e        0x2 bebe
 .text          0x0000b110      0x1a4 D:\CCore_IDE/tool-chain/ccore-elf/lib/gcc/mcore-elf/4.6.0/c0_div\libgcc.a(_pack_df.o)
                0x0000b110                __pack_d
 .text          0x0000b2b4       0xd8 D:\CCore_IDE/tool-chain/ccore-elf/lib/gcc/mcore-elf/4.6.0/c0_div\libgcc.a(_unpack_df.o)
                0x0000b2b4                __unpack_d
 .text          0x0000b38c       0x96 D:\CCore_IDE/tool-chain/ccore-elf/lib/gcc/mcore-elf/4.6.0/c0_div\libgcc.a(_fpcmp_parts_df.o)
                0x0000b38c                __fpcmp_parts_d
 .text          0x0000b422       0x34 D:\CCore_IDE/tool-chain/ccore-elf/lib/gcc/mcore-elf/4.6.0/c0_div\libgcc.a(_lshrdi3.o)
                0x0000b422                __lshrdi3
 .text          0x0000b456       0x34 D:\CCore_IDE/tool-chain/ccore-elf/lib/gcc/mcore-elf/4.6.0/c0_div\libgcc.a(_ashldi3.o)
                0x0000b456                __ashldi3
 *fill*         0x0000b48a        0x2 bebe
 .text.LT268A_adjust
                0x0000b48c       0x28 D:\E Battery Display Screen\project_2\LT268A_TFT_public_demo_8bits_20211026_LIB-KLL\Levetoplib\liblevetop.a(main.o)
                0x0000b48c                LT268A_adjust
 .text.LT_ReadParam
                0x0000b4b4       0xa8 D:\E Battery Display Screen\project_2\LT268A_TFT_public_demo_8bits_20211026_LIB-KLL\Levetoplib\liblevetop.a(main.o)
                0x0000b4b4                LT_ReadParam
 .text.LT_RedCmdInfo
                0x0000b55c       0x94 D:\E Battery Display Screen\project_2\LT268A_TFT_public_demo_8bits_20211026_LIB-KLL\Levetoplib\liblevetop.a(main.o)
                0x0000b55c                LT_RedCmdInfo
 .text.LT_CompoundPicInfo
                0x0000b5f0       0x58 D:\E Battery Display Screen\project_2\LT268A_TFT_public_demo_8bits_20211026_LIB-KLL\Levetoplib\liblevetop.a(main.o)
                0x0000b5f0                LT_CompoundPicInfo
 .text.Get_80_info1
                0x0000b648       0x78 D:\E Battery Display Screen\project_2\LT268A_TFT_public_demo_8bits_20211026_LIB-KLL\Levetoplib\liblevetop.a(main.o)
                0x0000b648                Get_80_info1
 .text.Get_80_info2
                0x0000b6c0       0xb4 D:\E Battery Display Screen\project_2\LT268A_TFT_public_demo_8bits_20211026_LIB-KLL\Levetoplib\liblevetop.a(main.o)
                0x0000b6c0                Get_80_info2
 .text.Get_8F_info1
                0x0000b774       0x4c D:\E Battery Display Screen\project_2\LT268A_TFT_public_demo_8bits_20211026_LIB-KLL\Levetoplib\liblevetop.a(main.o)
                0x0000b774                Get_8F_info1
 .text.Get_81_info1
                0x0000b7c0      0x134 D:\E Battery Display Screen\project_2\LT268A_TFT_public_demo_8bits_20211026_LIB-KLL\Levetoplib\liblevetop.a(main.o)
                0x0000b7c0                Get_81_info1
 .text.Get_81_info2
                0x0000b8f4       0x4c D:\E Battery Display Screen\project_2\LT268A_TFT_public_demo_8bits_20211026_LIB-KLL\Levetoplib\liblevetop.a(main.o)
                0x0000b8f4                Get_81_info2
 .text.Get_88_info1
                0x0000b940       0xe8 D:\E Battery Display Screen\project_2\LT268A_TFT_public_demo_8bits_20211026_LIB-KLL\Levetoplib\liblevetop.a(main.o)
                0x0000b940                Get_88_info1
 .text.Get_88_info2
                0x0000ba28       0x4c D:\E Battery Display Screen\project_2\LT268A_TFT_public_demo_8bits_20211026_LIB-KLL\Levetoplib\liblevetop.a(main.o)
                0x0000ba28                Get_88_info2
 .text.Get_90_info1
                0x0000ba74       0xc8 D:\E Battery Display Screen\project_2\LT268A_TFT_public_demo_8bits_20211026_LIB-KLL\Levetoplib\liblevetop.a(main.o)
                0x0000ba74                Get_90_info1
 .text.Get_90_info2
                0x0000bb3c       0xb0 D:\E Battery Display Screen\project_2\LT268A_TFT_public_demo_8bits_20211026_LIB-KLL\Levetoplib\liblevetop.a(main.o)
                0x0000bb3c                Get_90_info2
 .text.Get_90_info3
                0x0000bbec      0x138 D:\E Battery Display Screen\project_2\LT268A_TFT_public_demo_8bits_20211026_LIB-KLL\Levetoplib\liblevetop.a(main.o)
                0x0000bbec                Get_90_info3
 .text.Get_9A_info
                0x0000bd24       0xb8 D:\E Battery Display Screen\project_2\LT268A_TFT_public_demo_8bits_20211026_LIB-KLL\Levetoplib\liblevetop.a(main.o)
                0x0000bd24                Get_9A_info
 .text.Get_A0_info
                0x0000bddc      0x130 D:\E Battery Display Screen\project_2\LT268A_TFT_public_demo_8bits_20211026_LIB-KLL\Levetoplib\liblevetop.a(main.o)
                0x0000bddc                Get_A0_info
 .text.Get_A2_info
                0x0000bf0c      0x10c D:\E Battery Display Screen\project_2\LT268A_TFT_public_demo_8bits_20211026_LIB-KLL\Levetoplib\liblevetop.a(main.o)
                0x0000bf0c                Get_A2_info
 .text.Get_C0_C3_info
                0x0000c018      0x174 D:\E Battery Display Screen\project_2\LT268A_TFT_public_demo_8bits_20211026_LIB-KLL\Levetoplib\liblevetop.a(main.o)
                0x0000c018                Get_C0_C3_info
 .text.Get_C9_info
                0x0000c18c       0x40 D:\E Battery Display Screen\project_2\LT268A_TFT_public_demo_8bits_20211026_LIB-KLL\Levetoplib\liblevetop.a(main.o)
                0x0000c18c                Get_C9_info
 .text.Get_D8_info1
                0x0000c1cc       0x88 D:\E Battery Display Screen\project_2\LT268A_TFT_public_demo_8bits_20211026_LIB-KLL\Levetoplib\liblevetop.a(main.o)
                0x0000c1cc                Get_D8_info1
 .text.Get_D8_info2
                0x0000c254       0x4c D:\E Battery Display Screen\project_2\LT268A_TFT_public_demo_8bits_20211026_LIB-KLL\Levetoplib\liblevetop.a(main.o)
                0x0000c254                Get_D8_info2
 .text.Get_D9_info1
                0x0000c2a0       0xf4 D:\E Battery Display Screen\project_2\LT268A_TFT_public_demo_8bits_20211026_LIB-KLL\Levetoplib\liblevetop.a(main.o)
                0x0000c2a0                Get_D9_info1
 .text.Get_D9_info2
                0x0000c394       0x34 D:\E Battery Display Screen\project_2\LT268A_TFT_public_demo_8bits_20211026_LIB-KLL\Levetoplib\liblevetop.a(main.o)
                0x0000c394                Get_D9_info2
 .text.Get_DC_info
                0x0000c3c8       0xac D:\E Battery Display Screen\project_2\LT268A_TFT_public_demo_8bits_20211026_LIB-KLL\Levetoplib\liblevetop.a(main.o)
                0x0000c3c8                Get_DC_info
 .text.LT268_TFT_ShowPicture
                0x0000c474      0x2b8 D:\E Battery Display Screen\project_2\LT268A_TFT_public_demo_8bits_20211026_LIB-KLL\Levetoplib\liblevetop.a(main.o)
                0x0000c474                LT268_TFT_ShowPicture
 .text.LT268_TFT_ShowPicture_Png
                0x0000c72c      0x154 D:\E Battery Display Screen\project_2\LT268A_TFT_public_demo_8bits_20211026_LIB-KLL\Levetoplib\liblevetop.a(main.o)
                0x0000c72c                LT268_TFT_ShowPicture_Png
 .text.LT268_TFT_ShowPicture_zip
                0x0000c880      0xe1c D:\E Battery Display Screen\project_2\LT268A_TFT_public_demo_8bits_20211026_LIB-KLL\Levetoplib\liblevetop.a(main.o)
                0x0000c880                LT268_TFT_ShowPicture_zip
 .text.LT268_TFT_FullScreen_Cut
                0x0000d69c      0x1f8 D:\E Battery Display Screen\project_2\LT268A_TFT_public_demo_8bits_20211026_LIB-KLL\Levetoplib\liblevetop.a(main.o)
                0x0000d69c                LT268_TFT_FullScreen_Cut
 .text.LT268_TFT_D8_Up
                0x0000d894      0x198 D:\E Battery Display Screen\project_2\LT268A_TFT_public_demo_8bits_20211026_LIB-KLL\Levetoplib\liblevetop.a(main.o)
                0x0000d894                LT268_TFT_D8_Up
 .text.LT268_TFT_D8_Down
                0x0000da2c      0x198 D:\E Battery Display Screen\project_2\LT268A_TFT_public_demo_8bits_20211026_LIB-KLL\Levetoplib\liblevetop.a(main.o)
                0x0000da2c                LT268_TFT_D8_Down
 .text.LT268_TFT_D8_Left
                0x0000dbc4      0x1b8 D:\E Battery Display Screen\project_2\LT268A_TFT_public_demo_8bits_20211026_LIB-KLL\Levetoplib\liblevetop.a(main.o)
                0x0000dbc4                LT268_TFT_D8_Left
 .text.LT268_TFT_D8_Right
                0x0000dd7c      0x1bc D:\E Battery Display Screen\project_2\LT268A_TFT_public_demo_8bits_20211026_LIB-KLL\Levetoplib\liblevetop.a(main.o)
                0x0000dd7c                LT268_TFT_D8_Right
 .text.LT268_TFT_D9_Up
                0x0000df38      0x300 D:\E Battery Display Screen\project_2\LT268A_TFT_public_demo_8bits_20211026_LIB-KLL\Levetoplib\liblevetop.a(main.o)
                0x0000df38                LT268_TFT_D9_Up
 .text.LT268_TFT_D9_Down
                0x0000e238      0x2e8 D:\E Battery Display Screen\project_2\LT268A_TFT_public_demo_8bits_20211026_LIB-KLL\Levetoplib\liblevetop.a(main.o)
                0x0000e238                LT268_TFT_D9_Down
 .text.LT268_TFT_D9_Left
                0x0000e520      0x364 D:\E Battery Display Screen\project_2\LT268A_TFT_public_demo_8bits_20211026_LIB-KLL\Levetoplib\liblevetop.a(main.o)
                0x0000e520                LT268_TFT_D9_Left
 .text.LT268_TFT_D9_Right
                0x0000e884      0x350 D:\E Battery Display Screen\project_2\LT268A_TFT_public_demo_8bits_20211026_LIB-KLL\Levetoplib\liblevetop.a(main.o)
                0x0000e884                LT268_TFT_D9_Right
 .text          0x0000ebd4       0x28 D:\CCore_IDE/tool-chain/ccore-elf/mcore-elf/lib/c0_div\libc.a(lib_a-atoi.o)
                0x0000ebd4                atoi
                0x0000ebe4                _atoi_r
 .text          0x0000ebfc        0xc D:\CCore_IDE/tool-chain/ccore-elf/mcore-elf/lib/c0_div\libc.a(lib_a-errno.o)
                0x0000ebfc                __errno
 .text          0x0000ec08       0x58 D:\CCore_IDE/tool-chain/ccore-elf/mcore-elf/lib/c0_div\libc.a(lib_a-memcmp.o)
                0x0000ec08                memcmp
 .text          0x0000ec60       0xae D:\CCore_IDE/tool-chain/ccore-elf/mcore-elf/lib/c0_div\libc.a(lib_a-memset.o)
                0x0000ec60                memset
 *fill*         0x0000ed0e        0x2 bebe
 .text          0x0000ed10      0x14c D:\CCore_IDE/tool-chain/ccore-elf/mcore-elf/lib/c0_div\libc.a(lib_a-strtol.o)
                0x0000ed10                _strtol_r
                0x0000ee34                strtol
 .text          0x0000ee5c       0x6c D:\CCore_IDE/tool-chain/ccore-elf/mcore-elf/lib/c0_div\libc.a(lib_a-s_fpclassify.o)
                0x0000ee5c                __fpclassifyd
 .text          0x0000eec8       0xc0 D:\CCore_IDE/tool-chain/ccore-elf/mcore-elf/lib/c0_div\libm.a(lib_a-w_sqrt.o)
                0x0000eec8                sqrt
 .text          0x0000ef88      0x1b8 D:\CCore_IDE/tool-chain/ccore-elf/mcore-elf/lib/c0_div\libm.a(lib_a-e_sqrt.o)
                0x0000ef88                __ieee754_sqrt
 .text          0x0000f140        0x4 D:\CCore_IDE/tool-chain/ccore-elf/mcore-elf/lib/c0_div\libm.a(lib_a-s_matherr.o)
                0x0000f140                matherr
 .text          0x0000f144      0x258 D:\CCore_IDE/tool-chain/ccore-elf/lib/gcc/mcore-elf/4.6.0/c0_div\libgcc.a(_mul_df.o)
                0x0000f144                __muldf3
 .text          0x0000f39c      0x18c D:\CCore_IDE/tool-chain/ccore-elf/lib/gcc/mcore-elf/4.6.0/c0_div\libgcc.a(_div_df.o)
                0x0000f39c                __divdf3
 .text          0x0000f528       0x48 D:\CCore_IDE/tool-chain/ccore-elf/lib/gcc/mcore-elf/4.6.0/c0_div\libgcc.a(_lt_df.o)
                0x0000f528                __ltdf2
 .text          0x0000f570       0x62 D:\CCore_IDE/tool-chain/ccore-elf/lib/gcc/mcore-elf/4.6.0/c0_div\libgcc.a(_muldi3.o)
                0x0000f570                __muldi3
                0x0000f5d8                . = ALIGN (0x8)
 *fill*         0x0000f5d2        0x6 bebe
                0x0000f5d8                _end_text = .

.data           0x00800000      0x45c load address 0x0000f5d8
                0x00800000                _start_data = .
 *(.data)
 .data          0x00800000        0x2 ./MCU/uart/uart.o
                0x00800000                electricity
                0x00800001                show_lastflag
 *fill*         0x00800002        0x2 00
 .data          0x00800004       0x20 ./Function/bsp_user/bsp_user.o
                0x00800004                Mypic
 .data          0x00800024        0x3 ./Function/bsp/bsp.o
                0x00800024                FullScreen_Square_Color
                0x00800026                Slide_mode
 *fill*         0x00800027        0x1 00
 .data          0x00800028        0x2 ./Fixed/data/data.o
                0x00800028                gControlDuty
 *fill*         0x0080002a        0x2 00
 .data          0x0080002c      0x428 D:\CCore_IDE/tool-chain/ccore-elf/mcore-elf/lib/c0_div\libc.a(lib_a-impure.o)
                0x0080002c                _impure_ptr
 .data          0x00800454        0x4 D:\CCore_IDE/tool-chain/ccore-elf/mcore-elf/lib/c0_div\libc.a(lib_a-ctype_.o)
                0x00800454                __ctype_ptr__
 .data          0x00800458        0x4 D:\CCore_IDE/tool-chain/ccore-elf/mcore-elf/lib/c0_div\libm.a(lib_a-s_lib_ver.o)
                0x00800458                __fdlib_version
                0x0080045c                . = ALIGN (0x4)
                0x0080045c                _end_data = .

.bss            0x00800460     0x192c load address 0x0000fa40
                0x00800460                _bss_start = .
 *(.bss)
 .bss           0x00800460        0x8 ./USER/fp_ff1.o
 .bss           0x00800468        0x1 ./USER/main.o
                0x00800468                init_ok_flag
 *fill*         0x00800469        0x3 00
 .bss           0x0080046c      0x608 ./MCU/uart/uart.o
                0x0080046c                cut
                0x0080046e                soc
                0x00800470                temp
                0x00800472                current
                0x00800474                vol
                0x00800478                buff_81
                0x0080047b                last_electricity
                0x0080047c                show_flag
                0x0080047e                gRxfist
                0x00800480                Respond_AA_OK
                0x00800482                Respond_Count
                0x00800484                Respond_Num
                0x00800486                Rx_Num
                0x00800488                Rx_Count_long
                0x0080048a                Rx_Count_short
                0x0080048c                Rx_Buffer_long
                0x00800890                Rx_Buffer_short
                0x00800990                Frame_count
                0x00800992                Frame_AA_OK
                0x00800994                Allobj_RS485_Handle
                0x008009ac                Alldata_RS485_Handle
                0x008009bc                RS485_Handle
 .bss           0x00800a74      0x816 ./Function/bsp/bsp.o
                0x00800a74                cmd_9A_flag
                0x00800a75                FF_Update_Flag
                0x00800a78                FullScreen_Pic_Addr
                0x00800a7c                Rollcount
                0x00800a7d                gOpenD9
                0x00800a7e                RollFlag
                0x00800a80                RollInfo
                0x00800b60                roll_one_count
                0x00800b61                rool_one_flag
                0x00800b62                d8_sum
                0x00800b63                gOpenD8
                0x00800b64                roll_one
                0x00800bc4                C0_gNumRow
                0x00800bc6                gRecordHigh
                0x00800cb6                Slide_cmd
                0x00800cbe                Slide_press
                0x00800cbf                Slide_count
                0x00800cc0                Slide_Flag
                0x00800cc1                Slide_oper
                0x00800cc2                button_flag2
                0x00800cc3                ControlFlag2
                0x00800cc4                button_count2
                0x00800cc5                ControlCount2
                0x00800cc6                control_buf2
                0x00800cd8                controlInfo2
                0x00800e18                button_flag
                0x00800e19                button_count
                0x00800e1a                ControlCount
                0x00800e1b                ControlFlag
                0x00800e1c                control_buf
                0x00800e2c                controlInfo
                0x008010fc                gNumWidth
                0x00801110                gOpen88
                0x00801111                gGifFlag
                0x00801114                gGifInfo
                0x00801184                gGifCount
                0x00801185                gOpen81
                0x00801186                gTurnFlag
                0x00801188                gTurnInfo
                0x00801288                gTurnCount
                0x00801289                cmd_flag
 .bss           0x0080128a        0x1 ./Fixed/w25qxx/w25qxx.o
                0x0080128a                Flash_Type
 *fill*         0x0080128b        0x1 00
 .bss           0x0080128c        0x3 ./Fixed/tp/tp.o
                0x0080128c                RTP_time
                0x0080128e                RTP_read_Flag
 *fill*         0x0080128f        0x1 00
 .bss           0x00801290      0xa70 ./Fixed/data/data.o
                0x00801290                gUsartRx
                0x00801698                gTpyoff
                0x0080169c                gTpyfac
                0x008016a0                gTpxoff
                0x008016a4                gTpxfac
                0x008016a8                gTptest
                0x008016ac                gTpInfo
                0x008016e0                busyflag
                0x008016e1                gRxFlag
                0x008016e2                gWavLast
                0x008016e4                gWavOpen
                0x008016e5                gWavType
                0x008016e6                gWavState
                0x008016e7                gWavFlag
                0x008016e8                gWavLen
                0x008016ec                gTempWavFlashAddr
                0x008016f0                gWavFlashAddr
                0x008016f4                wavBuf1
                0x008017f4                wavBuf0
                0x008018f4                wbuf1_Stat
                0x008018f5                wbuf0_Stat
                0x008018f6                wbuf_select
                0x008018f8                bufPos
                0x008018fa                First_pressY
                0x008018fc                First_pressX
                0x008018fe                First_press
                0x00801900                DMA_SPI_txbuf
                0x00801b00                DMA_SPI_rxbuf2
                0x00801c00                DMA_SPI_rxbuf1
 .bss           0x00801d00       0x84 D:\E Battery Display Screen\project_2\LT268A_TFT_public_demo_8bits_20211026_LIB-KLL\Levetoplib\liblevetop.a(main.o)
                0x00801d00                gBaudrate
                0x00801d04                LCD_YSIZE_TFT
                0x00801d06                LCD_XSIZE_TFT
                0x00801d08                gPictureInfo
                0x00801d14                gPicInfoBuf
                0x00801d20                gCmdInfo
 *(COMMON)
                0x00801d8c                . = (. + 0x8)
 *fill*         0x00801d84        0x8 00
                0x00801d8c                _bss_end = .
                0x007ffdfc                PROVIDE (_end, (STACK_LOCATION - 0x2000))
LOAD ./USER/crt0.o
LOAD ./USER/fp_ff1.o
LOAD ./USER/main.o
LOAD ./USER/vector_rce.o
LOAD ./QRCODE/QR_Encode.o
LOAD ./QRCODE/bitstream.o
LOAD ./QRCODE/mask.o
LOAD ./QRCODE/mmask.o
LOAD ./QRCODE/mqrspec.o
LOAD ./QRCODE/qrencode.o
LOAD ./QRCODE/qrinput.o
LOAD ./QRCODE/qrspec.o
LOAD ./QRCODE/rscode.o
LOAD ./QRCODE/split.o
LOAD ./MCU/vector_table/vector_table.o
LOAD ./MCU/uart/uart.o
LOAD ./MCU/rtc/rtc.o
LOAD ./MCU/pwm/pwm.o
LOAD ./MCU/pit/pit.o
LOAD ./MCU/iostring/iostring.o
LOAD ./MCU/flash/flash.o
LOAD ./MCU/dma/dma.o
LOAD ./MCU/delay/delay.o
LOAD ./Function/bsp_user/bsp_user.o
LOAD ./Function/bsp/bsp.o
LOAD ./Fixed/w25qxx/w25qxx.o
LOAD ./Fixed/tp/tp.o
LOAD ./Fixed/dctouch/ctouch.o
LOAD ./Fixed/data/data.o
LOAD ./Fixed/SinCosTable/SinCosTable.o
LOAD ./Display/TFTLCD.o
LOAD ./Display/font.o
LOAD ./Display/function.o
START GROUP
LOAD D:\CCore_IDE/tool-chain/ccore-elf/lib/gcc/mcore-elf/4.6.0/c0_div\libgcc.a
LOAD D:\E Battery Display Screen\project_2\LT268A_TFT_public_demo_8bits_20211026_LIB-KLL\Levetoplib\liblevetop.a
LOAD D:\CCore_IDE/tool-chain/ccore-elf/mcore-elf/lib/c0_div\libc.a
LOAD D:\CCore_IDE/tool-chain/ccore-elf/mcore-elf/lib/c0_div\libg.a
LOAD D:\CCore_IDE/tool-chain/ccore-elf/mcore-elf/lib/c0_div\libm.a
LOAD D:\CCore_IDE/tool-chain/ccore-elf/mcore-elf/lib/c0_div\libcmb.a
LOAD D:\CCore_IDE/tool-chain/ccore-elf/mcore-elf/lib/c0_div\libsim.a
LOAD D:\CCore_IDE/tool-chain/ccore-elf/mcore-elf/lib/c0_div\libnosys.a
END GROUP
OUTPUT(LT268A_TFT_public_demo_8bits_20211026_LIB-KLL.elf elf32-mcore-little)

.stab           0x00000000     0x210c
 .stab          0x00000000      0x21c ./USER/crt0.o
 .stab          0x0000021c     0x1ef0 ./USER/fp_ff1.o
                               0x1efc (size before relaxing)

.stabstr        0x00000000       0x21
 .stabstr       0x00000000       0x21 ./USER/crt0.o

.debug_frame    0x00000000     0x2254
 .debug_frame   0x00000000       0x3c ./USER/main.o
 .debug_frame   0x0000003c       0xb4 ./USER/vector_rce.o
 .debug_frame   0x000000f0      0x1ec ./MCU/uart/uart.o
 .debug_frame   0x000002dc       0x54 ./MCU/pwm/pwm.o
 .debug_frame   0x00000330       0xd4 ./MCU/pit/pit.o
 .debug_frame   0x00000404       0x54 ./MCU/iostring/iostring.o
 .debug_frame   0x00000458       0x7c ./MCU/flash/flash.o
 .debug_frame   0x000004d4       0xb4 ./MCU/dma/dma.o
 .debug_frame   0x00000588       0x7c ./MCU/delay/delay.o
 .debug_frame   0x00000604       0x54 ./Function/bsp_user/bsp_user.o
 .debug_frame   0x00000658      0x584 ./Function/bsp/bsp.o
 .debug_frame   0x00000bdc      0x154 ./Fixed/w25qxx/w25qxx.o
 .debug_frame   0x00000d30      0x1d0 ./Fixed/tp/tp.o
 .debug_frame   0x00000f00       0x54 ./Fixed/SinCosTable/SinCosTable.o
 .debug_frame   0x00000f54      0x114 ./Display/TFTLCD.o
 .debug_frame   0x00001068      0x454 ./Display/function.o
 .debug_frame   0x000014bc       0x30 D:\CCore_IDE/tool-chain/ccore-elf/lib/gcc/mcore-elf/4.6.0/c0_div\libgcc.a(_fixunssfsi.o)
 .debug_frame   0x000014ec       0x30 D:\CCore_IDE/tool-chain/ccore-elf/lib/gcc/mcore-elf/4.6.0/c0_div\libgcc.a(_fixunsdfsi.o)
 .debug_frame   0x0000151c       0x30 D:\CCore_IDE/tool-chain/ccore-elf/lib/gcc/mcore-elf/4.6.0/c0_div\libgcc.a(_gt_sf.o)
 .debug_frame   0x0000154c       0x30 D:\CCore_IDE/tool-chain/ccore-elf/lib/gcc/mcore-elf/4.6.0/c0_div\libgcc.a(_ge_sf.o)
 .debug_frame   0x0000157c       0x30 D:\CCore_IDE/tool-chain/ccore-elf/lib/gcc/mcore-elf/4.6.0/c0_div\libgcc.a(_lt_sf.o)
 .debug_frame   0x000015ac       0x30 D:\CCore_IDE/tool-chain/ccore-elf/lib/gcc/mcore-elf/4.6.0/c0_div\libgcc.a(_le_sf.o)
 .debug_frame   0x000015dc       0x30 D:\CCore_IDE/tool-chain/ccore-elf/lib/gcc/mcore-elf/4.6.0/c0_div\libgcc.a(_si_to_sf.o)
 .debug_frame   0x0000160c       0x38 D:\CCore_IDE/tool-chain/ccore-elf/lib/gcc/mcore-elf/4.6.0/c0_div\libgcc.a(_sf_to_si.o)
 .debug_frame   0x00001644       0x38 D:\CCore_IDE/tool-chain/ccore-elf/lib/gcc/mcore-elf/4.6.0/c0_div\libgcc.a(_usi_to_sf.o)
 .debug_frame   0x0000167c       0x70 D:\CCore_IDE/tool-chain/ccore-elf/lib/gcc/mcore-elf/4.6.0/c0_div\libgcc.a(_addsub_df.o)
 .debug_frame   0x000016ec       0x30 D:\CCore_IDE/tool-chain/ccore-elf/lib/gcc/mcore-elf/4.6.0/c0_div\libgcc.a(_ge_df.o)
 .debug_frame   0x0000171c       0x3c D:\CCore_IDE/tool-chain/ccore-elf/lib/gcc/mcore-elf/4.6.0/c0_div\libgcc.a(_df_to_si.o)
 .debug_frame   0x00001758       0x48 D:\CCore_IDE/tool-chain/ccore-elf/lib/gcc/mcore-elf/4.6.0/c0_div\libgcc.a(_usi_to_df.o)
 .debug_frame   0x000017a0       0x24 D:\CCore_IDE/tool-chain/ccore-elf/lib/gcc/mcore-elf/4.6.0/c0_div\libgcc.a(_clzsi2.o)
 .debug_frame   0x000017c4       0x24 D:\CCore_IDE/tool-chain/ccore-elf/lib/gcc/mcore-elf/4.6.0/c0_div\libgcc.a(_pack_sf.o)
 .debug_frame   0x000017e8       0x24 D:\CCore_IDE/tool-chain/ccore-elf/lib/gcc/mcore-elf/4.6.0/c0_div\libgcc.a(_unpack_sf.o)
 .debug_frame   0x0000180c       0x24 D:\CCore_IDE/tool-chain/ccore-elf/lib/gcc/mcore-elf/4.6.0/c0_div\libgcc.a(_fpcmp_parts_sf.o)
 .debug_frame   0x00001830       0x34 D:\CCore_IDE/tool-chain/ccore-elf/lib/gcc/mcore-elf/4.6.0/c0_div\libgcc.a(_pack_df.o)
 .debug_frame   0x00001864       0x3c D:\CCore_IDE/tool-chain/ccore-elf/lib/gcc/mcore-elf/4.6.0/c0_div\libgcc.a(_unpack_df.o)
 .debug_frame   0x000018a0       0x24 D:\CCore_IDE/tool-chain/ccore-elf/lib/gcc/mcore-elf/4.6.0/c0_div\libgcc.a(_fpcmp_parts_df.o)
 .debug_frame   0x000018c4       0x30 D:\CCore_IDE/tool-chain/ccore-elf/lib/gcc/mcore-elf/4.6.0/c0_div\libgcc.a(_lshrdi3.o)
 .debug_frame   0x000018f4       0x30 D:\CCore_IDE/tool-chain/ccore-elf/lib/gcc/mcore-elf/4.6.0/c0_div\libgcc.a(_ashldi3.o)
 .debug_frame   0x00001924      0x678 D:\E Battery Display Screen\project_2\LT268A_TFT_public_demo_8bits_20211026_LIB-KLL\Levetoplib\liblevetop.a(main.o)
 .debug_frame   0x00001f9c       0x44 D:\CCore_IDE/tool-chain/ccore-elf/mcore-elf/lib/c0_div\libc.a(lib_a-atoi.o)
 .debug_frame   0x00001fe0       0x24 D:\CCore_IDE/tool-chain/ccore-elf/mcore-elf/lib/c0_div\libc.a(lib_a-errno.o)
 .debug_frame   0x00002004       0x24 D:\CCore_IDE/tool-chain/ccore-elf/mcore-elf/lib/c0_div\libc.a(lib_a-memcmp.o)
 .debug_frame   0x00002028       0x30 D:\CCore_IDE/tool-chain/ccore-elf/mcore-elf/lib/c0_div\libc.a(lib_a-memset.o)
 .debug_frame   0x00002058       0x4c D:\CCore_IDE/tool-chain/ccore-elf/mcore-elf/lib/c0_div\libc.a(lib_a-strtol.o)
 .debug_frame   0x000020a4       0x34 D:\CCore_IDE/tool-chain/ccore-elf/mcore-elf/lib/c0_div\libc.a(lib_a-s_fpclassify.o)
 .debug_frame   0x000020d8       0x34 D:\CCore_IDE/tool-chain/ccore-elf/mcore-elf/lib/c0_div\libm.a(lib_a-w_sqrt.o)
 .debug_frame   0x0000210c       0x40 D:\CCore_IDE/tool-chain/ccore-elf/mcore-elf/lib/c0_div\libm.a(lib_a-e_sqrt.o)
 .debug_frame   0x0000214c       0x24 D:\CCore_IDE/tool-chain/ccore-elf/mcore-elf/lib/c0_div\libm.a(lib_a-s_matherr.o)
 .debug_frame   0x00002170       0x48 D:\CCore_IDE/tool-chain/ccore-elf/lib/gcc/mcore-elf/4.6.0/c0_div\libgcc.a(_mul_df.o)
 .debug_frame   0x000021b8       0x40 D:\CCore_IDE/tool-chain/ccore-elf/lib/gcc/mcore-elf/4.6.0/c0_div\libgcc.a(_div_df.o)
 .debug_frame   0x000021f8       0x30 D:\CCore_IDE/tool-chain/ccore-elf/lib/gcc/mcore-elf/4.6.0/c0_div\libgcc.a(_lt_df.o)
 .debug_frame   0x00002228       0x2c D:\CCore_IDE/tool-chain/ccore-elf/lib/gcc/mcore-elf/4.6.0/c0_div\libgcc.a(_muldi3.o)

.debug_info     0x00000000    0x1ea5d
 .debug_info    0x00000000     0x1947 ./USER/main.o
 .debug_info    0x00001947      0x1fd ./USER/vector_rce.o
 .debug_info    0x00001b44       0xb1 ./MCU/vector_table/vector_table.o
 .debug_info    0x00001bf5     0x171b ./MCU/uart/uart.o
 .debug_info    0x00003310      0xfc9 ./MCU/pwm/pwm.o
 .debug_info    0x000042d9      0x9fa ./MCU/pit/pit.o
 .debug_info    0x00004cd3      0x1ad ./MCU/iostring/iostring.o
 .debug_info    0x00004e80      0x1cc ./MCU/flash/flash.o
 .debug_info    0x0000504c     0x1115 ./MCU/dma/dma.o
 .debug_info    0x00006161      0x2cc ./MCU/delay/delay.o
 .debug_info    0x0000642d      0x319 ./Function/bsp_user/bsp_user.o
 .debug_info    0x00006746     0x2a9b ./Function/bsp/bsp.o
 .debug_info    0x000091e1      0x7f2 ./Fixed/w25qxx/w25qxx.o
 .debug_info    0x000099d3     0x3089 ./Fixed/tp/tp.o
 .debug_info    0x0000ca5c      0x4b6 ./Fixed/data/data.o
 .debug_info    0x0000cf12      0x134 ./Fixed/SinCosTable/SinCosTable.o
 .debug_info    0x0000d046     0x2891 ./Display/TFTLCD.o
 .debug_info    0x0000f8d7       0xe6 ./Display/font.o
 .debug_info    0x0000f9bd     0x3a5e ./Display/function.o
 .debug_info    0x0001341b       0xcb D:\CCore_IDE/tool-chain/ccore-elf/lib/gcc/mcore-elf/4.6.0/c0_div\libgcc.a(_fixunssfsi.o)
 .debug_info    0x000134e6       0xcb D:\CCore_IDE/tool-chain/ccore-elf/lib/gcc/mcore-elf/4.6.0/c0_div\libgcc.a(_fixunsdfsi.o)
 .debug_info    0x000135b1      0x243 D:\CCore_IDE/tool-chain/ccore-elf/lib/gcc/mcore-elf/4.6.0/c0_div\libgcc.a(_gt_sf.o)
 .debug_info    0x000137f4      0x243 D:\CCore_IDE/tool-chain/ccore-elf/lib/gcc/mcore-elf/4.6.0/c0_div\libgcc.a(_ge_sf.o)
 .debug_info    0x00013a37      0x243 D:\CCore_IDE/tool-chain/ccore-elf/lib/gcc/mcore-elf/4.6.0/c0_div\libgcc.a(_lt_sf.o)
 .debug_info    0x00013c7a      0x243 D:\CCore_IDE/tool-chain/ccore-elf/lib/gcc/mcore-elf/4.6.0/c0_div\libgcc.a(_le_sf.o)
 .debug_info    0x00013ebd      0x238 D:\CCore_IDE/tool-chain/ccore-elf/lib/gcc/mcore-elf/4.6.0/c0_div\libgcc.a(_si_to_sf.o)
 .debug_info    0x000140f5      0x25e D:\CCore_IDE/tool-chain/ccore-elf/lib/gcc/mcore-elf/4.6.0/c0_div\libgcc.a(_sf_to_si.o)
 .debug_info    0x00014353      0x237 D:\CCore_IDE/tool-chain/ccore-elf/lib/gcc/mcore-elf/4.6.0/c0_div\libgcc.a(_usi_to_sf.o)
 .debug_info    0x0001458a      0x41a D:\CCore_IDE/tool-chain/ccore-elf/lib/gcc/mcore-elf/4.6.0/c0_div\libgcc.a(_addsub_df.o)
 .debug_info    0x000149a4      0x24f D:\CCore_IDE/tool-chain/ccore-elf/lib/gcc/mcore-elf/4.6.0/c0_div\libgcc.a(_ge_df.o)
 .debug_info    0x00014bf3      0x26a D:\CCore_IDE/tool-chain/ccore-elf/lib/gcc/mcore-elf/4.6.0/c0_div\libgcc.a(_df_to_si.o)
 .debug_info    0x00014e5d      0x163 D:\CCore_IDE/tool-chain/ccore-elf/lib/gcc/mcore-elf/4.6.0/c0_div\libgcc.a(_thenan_df.o)
 .debug_info    0x00014fc0      0x22f D:\CCore_IDE/tool-chain/ccore-elf/lib/gcc/mcore-elf/4.6.0/c0_div\libgcc.a(_usi_to_df.o)
 .debug_info    0x000151ef      0x135 D:\CCore_IDE/tool-chain/ccore-elf/lib/gcc/mcore-elf/4.6.0/c0_div\libgcc.a(_clzsi2.o)
 .debug_info    0x00015324      0x294 D:\CCore_IDE/tool-chain/ccore-elf/lib/gcc/mcore-elf/4.6.0/c0_div\libgcc.a(_pack_sf.o)
 .debug_info    0x000155b8      0x219 D:\CCore_IDE/tool-chain/ccore-elf/lib/gcc/mcore-elf/4.6.0/c0_div\libgcc.a(_unpack_sf.o)
 .debug_info    0x000157d1      0x1f3 D:\CCore_IDE/tool-chain/ccore-elf/lib/gcc/mcore-elf/4.6.0/c0_div\libgcc.a(_fpcmp_parts_sf.o)
 .debug_info    0x000159c4      0x295 D:\CCore_IDE/tool-chain/ccore-elf/lib/gcc/mcore-elf/4.6.0/c0_div\libgcc.a(_pack_df.o)
 .debug_info    0x00015c59      0x21f D:\CCore_IDE/tool-chain/ccore-elf/lib/gcc/mcore-elf/4.6.0/c0_div\libgcc.a(_unpack_df.o)
 .debug_info    0x00015e78      0x1f3 D:\CCore_IDE/tool-chain/ccore-elf/lib/gcc/mcore-elf/4.6.0/c0_div\libgcc.a(_fpcmp_parts_df.o)
 .debug_info    0x0001606b      0x190 D:\CCore_IDE/tool-chain/ccore-elf/lib/gcc/mcore-elf/4.6.0/c0_div\libgcc.a(_lshrdi3.o)
 .debug_info    0x000161fb      0x190 D:\CCore_IDE/tool-chain/ccore-elf/lib/gcc/mcore-elf/4.6.0/c0_div\libgcc.a(_ashldi3.o)
 .debug_info    0x0001638b       0xb4 D:\CCore_IDE/tool-chain/ccore-elf/lib/gcc/mcore-elf/4.6.0/c0_div\libgcc.a(_clz.o)
 .debug_info    0x0001643f     0x49fe D:\E Battery Display Screen\project_2\LT268A_TFT_public_demo_8bits_20211026_LIB-KLL\Levetoplib\liblevetop.a(main.o)
 .debug_info    0x0001ae3d      0x98a D:\CCore_IDE/tool-chain/ccore-elf/mcore-elf/lib/c0_div\libc.a(lib_a-atoi.o)
 .debug_info    0x0001b7c7      0x963 D:\CCore_IDE/tool-chain/ccore-elf/mcore-elf/lib/c0_div\libc.a(lib_a-errno.o)
 .debug_info    0x0001c12a      0x965 D:\CCore_IDE/tool-chain/ccore-elf/mcore-elf/lib/c0_div\libc.a(lib_a-impure.o)
 .debug_info    0x0001ca8f      0x10f D:\CCore_IDE/tool-chain/ccore-elf/mcore-elf/lib/c0_div\libc.a(lib_a-memcmp.o)
 .debug_info    0x0001cb9e      0x114 D:\CCore_IDE/tool-chain/ccore-elf/mcore-elf/lib/c0_div\libc.a(lib_a-memset.o)
 .debug_info    0x0001ccb2      0xa76 D:\CCore_IDE/tool-chain/ccore-elf/mcore-elf/lib/c0_div\libc.a(lib_a-strtol.o)
 .debug_info    0x0001d728       0x8b D:\CCore_IDE/tool-chain/ccore-elf/mcore-elf/lib/c0_div\libc.a(lib_a-ctype_.o)
 .debug_info    0x0001d7b3      0x145 D:\CCore_IDE/tool-chain/ccore-elf/mcore-elf/lib/c0_div\libc.a(lib_a-s_fpclassify.o)
 .debug_info    0x0001d8f8      0x17f D:\CCore_IDE/tool-chain/ccore-elf/mcore-elf/lib/c0_div\libm.a(lib_a-w_sqrt.o)
 .debug_info    0x0001da77      0x234 D:\CCore_IDE/tool-chain/ccore-elf/mcore-elf/lib/c0_div\libm.a(lib_a-e_sqrt.o)
 .debug_info    0x0001dcab       0xc1 D:\CCore_IDE/tool-chain/ccore-elf/mcore-elf/lib/c0_div\libm.a(lib_a-s_lib_ver.o)
 .debug_info    0x0001dd6c      0x131 D:\CCore_IDE/tool-chain/ccore-elf/mcore-elf/lib/c0_div\libm.a(lib_a-s_matherr.o)
 .debug_info    0x0001de9d      0x428 D:\CCore_IDE/tool-chain/ccore-elf/lib/gcc/mcore-elf/4.6.0/c0_div\libgcc.a(_mul_df.o)
 .debug_info    0x0001e2c5      0x343 D:\CCore_IDE/tool-chain/ccore-elf/lib/gcc/mcore-elf/4.6.0/c0_div\libgcc.a(_div_df.o)
 .debug_info    0x0001e608      0x24f D:\CCore_IDE/tool-chain/ccore-elf/lib/gcc/mcore-elf/4.6.0/c0_div\libgcc.a(_lt_df.o)
 .debug_info    0x0001e857      0x206 D:\CCore_IDE/tool-chain/ccore-elf/lib/gcc/mcore-elf/4.6.0/c0_div\libgcc.a(_muldi3.o)

.debug_abbrev   0x00000000     0x4b7c
 .debug_abbrev  0x00000000      0x1f3 ./USER/main.o
 .debug_abbrev  0x000001f3       0xb4 ./USER/vector_rce.o
 .debug_abbrev  0x000002a7       0x5b ./MCU/vector_table/vector_table.o
 .debug_abbrev  0x00000302      0x36e ./MCU/uart/uart.o
 .debug_abbrev  0x00000670      0x104 ./MCU/pwm/pwm.o
 .debug_abbrev  0x00000774      0x1fd ./MCU/pit/pit.o
 .debug_abbrev  0x00000971       0xd4 ./MCU/iostring/iostring.o
 .debug_abbrev  0x00000a45      0x109 ./MCU/flash/flash.o
 .debug_abbrev  0x00000b4e      0x17b ./MCU/dma/dma.o
 .debug_abbrev  0x00000cc9      0x147 ./MCU/delay/delay.o
 .debug_abbrev  0x00000e10      0x1a5 ./Function/bsp_user/bsp_user.o
 .debug_abbrev  0x00000fb5      0x2b4 ./Function/bsp/bsp.o
 .debug_abbrev  0x00001269      0x1bc ./Fixed/w25qxx/w25qxx.o
 .debug_abbrev  0x00001425      0x314 ./Fixed/tp/tp.o
 .debug_abbrev  0x00001739       0xd4 ./Fixed/data/data.o
 .debug_abbrev  0x0000180d       0xd5 ./Fixed/SinCosTable/SinCosTable.o
 .debug_abbrev  0x000018e2      0x24a ./Display/TFTLCD.o
 .debug_abbrev  0x00001b2c       0x5a ./Display/font.o
 .debug_abbrev  0x00001b86      0x2bc ./Display/function.o
 .debug_abbrev  0x00001e42       0x5d D:\CCore_IDE/tool-chain/ccore-elf/lib/gcc/mcore-elf/4.6.0/c0_div\libgcc.a(_fixunssfsi.o)
 .debug_abbrev  0x00001e9f       0x5d D:\CCore_IDE/tool-chain/ccore-elf/lib/gcc/mcore-elf/4.6.0/c0_div\libgcc.a(_fixunsdfsi.o)
 .debug_abbrev  0x00001efc      0x127 D:\CCore_IDE/tool-chain/ccore-elf/lib/gcc/mcore-elf/4.6.0/c0_div\libgcc.a(_gt_sf.o)
 .debug_abbrev  0x00002023      0x127 D:\CCore_IDE/tool-chain/ccore-elf/lib/gcc/mcore-elf/4.6.0/c0_div\libgcc.a(_ge_sf.o)
 .debug_abbrev  0x0000214a      0x127 D:\CCore_IDE/tool-chain/ccore-elf/lib/gcc/mcore-elf/4.6.0/c0_div\libgcc.a(_lt_sf.o)
 .debug_abbrev  0x00002271      0x127 D:\CCore_IDE/tool-chain/ccore-elf/lib/gcc/mcore-elf/4.6.0/c0_div\libgcc.a(_le_sf.o)
 .debug_abbrev  0x00002398      0x164 D:\CCore_IDE/tool-chain/ccore-elf/lib/gcc/mcore-elf/4.6.0/c0_div\libgcc.a(_si_to_sf.o)
 .debug_abbrev  0x000024fc      0x136 D:\CCore_IDE/tool-chain/ccore-elf/lib/gcc/mcore-elf/4.6.0/c0_div\libgcc.a(_sf_to_si.o)
 .debug_abbrev  0x00002632      0x16d D:\CCore_IDE/tool-chain/ccore-elf/lib/gcc/mcore-elf/4.6.0/c0_div\libgcc.a(_usi_to_sf.o)
 .debug_abbrev  0x0000279f      0x183 D:\CCore_IDE/tool-chain/ccore-elf/lib/gcc/mcore-elf/4.6.0/c0_div\libgcc.a(_addsub_df.o)
 .debug_abbrev  0x00002922      0x127 D:\CCore_IDE/tool-chain/ccore-elf/lib/gcc/mcore-elf/4.6.0/c0_div\libgcc.a(_ge_df.o)
 .debug_abbrev  0x00002a49      0x136 D:\CCore_IDE/tool-chain/ccore-elf/lib/gcc/mcore-elf/4.6.0/c0_div\libgcc.a(_df_to_si.o)
 .debug_abbrev  0x00002b7f       0xcb D:\CCore_IDE/tool-chain/ccore-elf/lib/gcc/mcore-elf/4.6.0/c0_div\libgcc.a(_thenan_df.o)
 .debug_abbrev  0x00002c4a      0x171 D:\CCore_IDE/tool-chain/ccore-elf/lib/gcc/mcore-elf/4.6.0/c0_div\libgcc.a(_usi_to_df.o)
 .debug_abbrev  0x00002dbb       0xcc D:\CCore_IDE/tool-chain/ccore-elf/lib/gcc/mcore-elf/4.6.0/c0_div\libgcc.a(_clzsi2.o)
 .debug_abbrev  0x00002e87      0x14e D:\CCore_IDE/tool-chain/ccore-elf/lib/gcc/mcore-elf/4.6.0/c0_div\libgcc.a(_pack_sf.o)
 .debug_abbrev  0x00002fd5      0x132 D:\CCore_IDE/tool-chain/ccore-elf/lib/gcc/mcore-elf/4.6.0/c0_div\libgcc.a(_unpack_sf.o)
 .debug_abbrev  0x00003107      0x11a D:\CCore_IDE/tool-chain/ccore-elf/lib/gcc/mcore-elf/4.6.0/c0_div\libgcc.a(_fpcmp_parts_sf.o)
 .debug_abbrev  0x00003221      0x160 D:\CCore_IDE/tool-chain/ccore-elf/lib/gcc/mcore-elf/4.6.0/c0_div\libgcc.a(_pack_df.o)
 .debug_abbrev  0x00003381      0x130 D:\CCore_IDE/tool-chain/ccore-elf/lib/gcc/mcore-elf/4.6.0/c0_div\libgcc.a(_unpack_df.o)
 .debug_abbrev  0x000034b1      0x11a D:\CCore_IDE/tool-chain/ccore-elf/lib/gcc/mcore-elf/4.6.0/c0_div\libgcc.a(_fpcmp_parts_df.o)
 .debug_abbrev  0x000035cb       0xff D:\CCore_IDE/tool-chain/ccore-elf/lib/gcc/mcore-elf/4.6.0/c0_div\libgcc.a(_lshrdi3.o)
 .debug_abbrev  0x000036ca       0xff D:\CCore_IDE/tool-chain/ccore-elf/lib/gcc/mcore-elf/4.6.0/c0_div\libgcc.a(_ashldi3.o)
 .debug_abbrev  0x000037c9       0x61 D:\CCore_IDE/tool-chain/ccore-elf/lib/gcc/mcore-elf/4.6.0/c0_div\libgcc.a(_clz.o)
 .debug_abbrev  0x0000382a      0x2b5 D:\E Battery Display Screen\project_2\LT268A_TFT_public_demo_8bits_20211026_LIB-KLL\Levetoplib\liblevetop.a(main.o)
 .debug_abbrev  0x00003adf      0x185 D:\CCore_IDE/tool-chain/ccore-elf/mcore-elf/lib/c0_div\libc.a(lib_a-atoi.o)
 .debug_abbrev  0x00003c64      0x16e D:\CCore_IDE/tool-chain/ccore-elf/mcore-elf/lib/c0_div\libc.a(lib_a-errno.o)
 .debug_abbrev  0x00003dd2      0x166 D:\CCore_IDE/tool-chain/ccore-elf/mcore-elf/lib/c0_div\libc.a(lib_a-impure.o)
 .debug_abbrev  0x00003f38       0x7c D:\CCore_IDE/tool-chain/ccore-elf/mcore-elf/lib/c0_div\libc.a(lib_a-memcmp.o)
 .debug_abbrev  0x00003fb4       0x9c D:\CCore_IDE/tool-chain/ccore-elf/mcore-elf/lib/c0_div\libc.a(lib_a-memset.o)
 .debug_abbrev  0x00004050      0x1cc D:\CCore_IDE/tool-chain/ccore-elf/mcore-elf/lib/c0_div\libc.a(lib_a-strtol.o)
 .debug_abbrev  0x0000421c       0x63 D:\CCore_IDE/tool-chain/ccore-elf/mcore-elf/lib/c0_div\libc.a(lib_a-ctype_.o)
 .debug_abbrev  0x0000427f       0xd6 D:\CCore_IDE/tool-chain/ccore-elf/mcore-elf/lib/c0_div\libc.a(lib_a-s_fpclassify.o)
 .debug_abbrev  0x00004355       0xcf D:\CCore_IDE/tool-chain/ccore-elf/mcore-elf/lib/c0_div\libm.a(lib_a-w_sqrt.o)
 .debug_abbrev  0x00004424      0x108 D:\CCore_IDE/tool-chain/ccore-elf/mcore-elf/lib/c0_div\libm.a(lib_a-e_sqrt.o)
 .debug_abbrev  0x0000452c       0x53 D:\CCore_IDE/tool-chain/ccore-elf/mcore-elf/lib/c0_div\libm.a(lib_a-s_lib_ver.o)
 .debug_abbrev  0x0000457f       0x97 D:\CCore_IDE/tool-chain/ccore-elf/mcore-elf/lib/c0_div\libm.a(lib_a-s_matherr.o)
 .debug_abbrev  0x00004616      0x1a6 D:\CCore_IDE/tool-chain/ccore-elf/lib/gcc/mcore-elf/4.6.0/c0_div\libgcc.a(_mul_df.o)
 .debug_abbrev  0x000047bc      0x19a D:\CCore_IDE/tool-chain/ccore-elf/lib/gcc/mcore-elf/4.6.0/c0_div\libgcc.a(_div_df.o)
 .debug_abbrev  0x00004956      0x127 D:\CCore_IDE/tool-chain/ccore-elf/lib/gcc/mcore-elf/4.6.0/c0_div\libgcc.a(_lt_df.o)
 .debug_abbrev  0x00004a7d       0xff D:\CCore_IDE/tool-chain/ccore-elf/lib/gcc/mcore-elf/4.6.0/c0_div\libgcc.a(_muldi3.o)

.debug_loc      0x00000000    0x103fe
 .debug_loc     0x00000000       0x2c ./USER/main.o
 .debug_loc     0x0000002c      0x133 ./USER/vector_rce.o
 .debug_loc     0x0000015f      0x846 ./MCU/uart/uart.o
 .debug_loc     0x000009a5       0x6b ./MCU/pit/pit.o
 .debug_loc     0x00000a10      0x2b2 ./MCU/iostring/iostring.o
 .debug_loc     0x00000cc2      0x164 ./MCU/flash/flash.o
 .debug_loc     0x00000e26      0x160 ./MCU/delay/delay.o
 .debug_loc     0x00000f86      0x505 ./Function/bsp_user/bsp_user.o
 .debug_loc     0x0000148b     0x380d ./Function/bsp/bsp.o
 .debug_loc     0x00004c98      0x439 ./Fixed/w25qxx/w25qxx.o
 .debug_loc     0x000050d1      0x9c5 ./Fixed/tp/tp.o
 .debug_loc     0x00005a96      0x121 ./Fixed/SinCosTable/SinCosTable.o
 .debug_loc     0x00005bb7      0x272 ./Display/TFTLCD.o
 .debug_loc     0x00005e29     0x2d63 ./Display/function.o
 .debug_loc     0x00008b8c       0x78 D:\CCore_IDE/tool-chain/ccore-elf/lib/gcc/mcore-elf/4.6.0/c0_div\libgcc.a(_fixunssfsi.o)
 .debug_loc     0x00008c04       0x8c D:\CCore_IDE/tool-chain/ccore-elf/lib/gcc/mcore-elf/4.6.0/c0_div\libgcc.a(_fixunsdfsi.o)
 .debug_loc     0x00008c90       0x82 D:\CCore_IDE/tool-chain/ccore-elf/lib/gcc/mcore-elf/4.6.0/c0_div\libgcc.a(_gt_sf.o)
 .debug_loc     0x00008d12       0x82 D:\CCore_IDE/tool-chain/ccore-elf/lib/gcc/mcore-elf/4.6.0/c0_div\libgcc.a(_ge_sf.o)
 .debug_loc     0x00008d94       0x82 D:\CCore_IDE/tool-chain/ccore-elf/lib/gcc/mcore-elf/4.6.0/c0_div\libgcc.a(_lt_sf.o)
 .debug_loc     0x00008e16       0x82 D:\CCore_IDE/tool-chain/ccore-elf/lib/gcc/mcore-elf/4.6.0/c0_div\libgcc.a(_le_sf.o)
 .debug_loc     0x00008e98       0xa5 D:\CCore_IDE/tool-chain/ccore-elf/lib/gcc/mcore-elf/4.6.0/c0_div\libgcc.a(_si_to_sf.o)
 .debug_loc     0x00008f3d       0x9c D:\CCore_IDE/tool-chain/ccore-elf/lib/gcc/mcore-elf/4.6.0/c0_div\libgcc.a(_sf_to_si.o)
 .debug_loc     0x00008fd9      0x10c D:\CCore_IDE/tool-chain/ccore-elf/lib/gcc/mcore-elf/4.6.0/c0_div\libgcc.a(_usi_to_sf.o)
 .debug_loc     0x000090e5      0x4a1 D:\CCore_IDE/tool-chain/ccore-elf/lib/gcc/mcore-elf/4.6.0/c0_div\libgcc.a(_addsub_df.o)
 .debug_loc     0x00009586       0x80 D:\CCore_IDE/tool-chain/ccore-elf/lib/gcc/mcore-elf/4.6.0/c0_div\libgcc.a(_ge_df.o)
 .debug_loc     0x00009606       0x9f D:\CCore_IDE/tool-chain/ccore-elf/lib/gcc/mcore-elf/4.6.0/c0_div\libgcc.a(_df_to_si.o)
 .debug_loc     0x000096a5      0x166 D:\CCore_IDE/tool-chain/ccore-elf/lib/gcc/mcore-elf/4.6.0/c0_div\libgcc.a(_usi_to_df.o)
 .debug_loc     0x0000980b       0x73 D:\CCore_IDE/tool-chain/ccore-elf/lib/gcc/mcore-elf/4.6.0/c0_div\libgcc.a(_clzsi2.o)
 .debug_loc     0x0000987e      0x27d D:\CCore_IDE/tool-chain/ccore-elf/lib/gcc/mcore-elf/4.6.0/c0_div\libgcc.a(_pack_sf.o)
 .debug_loc     0x00009afb       0x99 D:\CCore_IDE/tool-chain/ccore-elf/lib/gcc/mcore-elf/4.6.0/c0_div\libgcc.a(_unpack_sf.o)
 .debug_loc     0x00009b94       0x55 D:\CCore_IDE/tool-chain/ccore-elf/lib/gcc/mcore-elf/4.6.0/c0_div\libgcc.a(_fpcmp_parts_sf.o)
 .debug_loc     0x00009be9      0x1f2 D:\CCore_IDE/tool-chain/ccore-elf/lib/gcc/mcore-elf/4.6.0/c0_div\libgcc.a(_pack_df.o)
 .debug_loc     0x00009ddb      0x141 D:\CCore_IDE/tool-chain/ccore-elf/lib/gcc/mcore-elf/4.6.0/c0_div\libgcc.a(_unpack_df.o)
 .debug_loc     0x00009f1c       0x4a D:\CCore_IDE/tool-chain/ccore-elf/lib/gcc/mcore-elf/4.6.0/c0_div\libgcc.a(_fpcmp_parts_df.o)
 .debug_loc     0x00009f66       0xaf D:\CCore_IDE/tool-chain/ccore-elf/lib/gcc/mcore-elf/4.6.0/c0_div\libgcc.a(_lshrdi3.o)
 .debug_loc     0x0000a015       0xaf D:\CCore_IDE/tool-chain/ccore-elf/lib/gcc/mcore-elf/4.6.0/c0_div\libgcc.a(_ashldi3.o)
 .debug_loc     0x0000a0c4     0x4e21 D:\E Battery Display Screen\project_2\LT268A_TFT_public_demo_8bits_20211026_LIB-KLL\Levetoplib\liblevetop.a(main.o)
 .debug_loc     0x0000eee5       0x91 D:\CCore_IDE/tool-chain/ccore-elf/mcore-elf/lib/c0_div\libc.a(lib_a-atoi.o)
 .debug_loc     0x0000ef76       0xb3 D:\CCore_IDE/tool-chain/ccore-elf/mcore-elf/lib/c0_div\libc.a(lib_a-memcmp.o)
 .debug_loc     0x0000f029      0x209 D:\CCore_IDE/tool-chain/ccore-elf/mcore-elf/lib/c0_div\libc.a(lib_a-memset.o)
 .debug_loc     0x0000f232      0x3b1 D:\CCore_IDE/tool-chain/ccore-elf/mcore-elf/lib/c0_div\libc.a(lib_a-strtol.o)
 .debug_loc     0x0000f5e3       0xe8 D:\CCore_IDE/tool-chain/ccore-elf/mcore-elf/lib/c0_div\libc.a(lib_a-s_fpclassify.o)
 .debug_loc     0x0000f6cb       0xc2 D:\CCore_IDE/tool-chain/ccore-elf/mcore-elf/lib/c0_div\libm.a(lib_a-w_sqrt.o)
 .debug_loc     0x0000f78d      0x461 D:\CCore_IDE/tool-chain/ccore-elf/mcore-elf/lib/c0_div\libm.a(lib_a-e_sqrt.o)
 .debug_loc     0x0000fbee       0x13 D:\CCore_IDE/tool-chain/ccore-elf/mcore-elf/lib/c0_div\libm.a(lib_a-s_matherr.o)
 .debug_loc     0x0000fc01      0x4a7 D:\CCore_IDE/tool-chain/ccore-elf/lib/gcc/mcore-elf/4.6.0/c0_div\libgcc.a(_mul_df.o)
 .debug_loc     0x000100a8      0x1f0 D:\CCore_IDE/tool-chain/ccore-elf/lib/gcc/mcore-elf/4.6.0/c0_div\libgcc.a(_div_df.o)
 .debug_loc     0x00010298       0x80 D:\CCore_IDE/tool-chain/ccore-elf/lib/gcc/mcore-elf/4.6.0/c0_div\libgcc.a(_lt_df.o)
 .debug_loc     0x00010318       0xe6 D:\CCore_IDE/tool-chain/ccore-elf/lib/gcc/mcore-elf/4.6.0/c0_div\libgcc.a(_muldi3.o)

.debug_aranges  0x00000000      0xe38
 .debug_aranges
                0x00000000       0x28 ./USER/main.o
 .debug_aranges
                0x00000028       0x50 ./USER/vector_rce.o
 .debug_aranges
                0x00000078       0xb8 ./MCU/uart/uart.o
 .debug_aranges
                0x00000130       0x38 ./MCU/pwm/pwm.o
 .debug_aranges
                0x00000168       0x70 ./MCU/pit/pit.o
 .debug_aranges
                0x000001d8       0x28 ./MCU/iostring/iostring.o
 .debug_aranges
                0x00000200       0x40 ./MCU/flash/flash.o
 .debug_aranges
                0x00000240       0x68 ./MCU/dma/dma.o
 .debug_aranges
                0x000002a8       0x40 ./MCU/delay/delay.o
 .debug_aranges
                0x000002e8       0x30 ./Function/bsp_user/bsp_user.o
 .debug_aranges
                0x00000318      0x1b8 ./Function/bsp/bsp.o
 .debug_aranges
                0x000004d0       0x88 ./Fixed/w25qxx/w25qxx.o
 .debug_aranges
                0x00000558       0xb0 ./Fixed/tp/tp.o
 .debug_aranges
                0x00000608       0x30 ./Fixed/SinCosTable/SinCosTable.o
 .debug_aranges
                0x00000638       0x80 ./Display/TFTLCD.o
 .debug_aranges
                0x000006b8      0x150 ./Display/function.o
 .debug_aranges
                0x00000808       0x20 D:\CCore_IDE/tool-chain/ccore-elf/lib/gcc/mcore-elf/4.6.0/c0_div\libgcc.a(_fixunssfsi.o)
 .debug_aranges
                0x00000828       0x20 D:\CCore_IDE/tool-chain/ccore-elf/lib/gcc/mcore-elf/4.6.0/c0_div\libgcc.a(_fixunsdfsi.o)
 .debug_aranges
                0x00000848       0x20 D:\CCore_IDE/tool-chain/ccore-elf/lib/gcc/mcore-elf/4.6.0/c0_div\libgcc.a(_gt_sf.o)
 .debug_aranges
                0x00000868       0x20 D:\CCore_IDE/tool-chain/ccore-elf/lib/gcc/mcore-elf/4.6.0/c0_div\libgcc.a(_ge_sf.o)
 .debug_aranges
                0x00000888       0x20 D:\CCore_IDE/tool-chain/ccore-elf/lib/gcc/mcore-elf/4.6.0/c0_div\libgcc.a(_lt_sf.o)
 .debug_aranges
                0x000008a8       0x20 D:\CCore_IDE/tool-chain/ccore-elf/lib/gcc/mcore-elf/4.6.0/c0_div\libgcc.a(_le_sf.o)
 .debug_aranges
                0x000008c8       0x20 D:\CCore_IDE/tool-chain/ccore-elf/lib/gcc/mcore-elf/4.6.0/c0_div\libgcc.a(_si_to_sf.o)
 .debug_aranges
                0x000008e8       0x20 D:\CCore_IDE/tool-chain/ccore-elf/lib/gcc/mcore-elf/4.6.0/c0_div\libgcc.a(_sf_to_si.o)
 .debug_aranges
                0x00000908       0x20 D:\CCore_IDE/tool-chain/ccore-elf/lib/gcc/mcore-elf/4.6.0/c0_div\libgcc.a(_usi_to_sf.o)
 .debug_aranges
                0x00000928       0x20 D:\CCore_IDE/tool-chain/ccore-elf/lib/gcc/mcore-elf/4.6.0/c0_div\libgcc.a(_addsub_df.o)
 .debug_aranges
                0x00000948       0x20 D:\CCore_IDE/tool-chain/ccore-elf/lib/gcc/mcore-elf/4.6.0/c0_div\libgcc.a(_ge_df.o)
 .debug_aranges
                0x00000968       0x20 D:\CCore_IDE/tool-chain/ccore-elf/lib/gcc/mcore-elf/4.6.0/c0_div\libgcc.a(_df_to_si.o)
 .debug_aranges
                0x00000988       0x20 D:\CCore_IDE/tool-chain/ccore-elf/lib/gcc/mcore-elf/4.6.0/c0_div\libgcc.a(_usi_to_df.o)
 .debug_aranges
                0x000009a8       0x20 D:\CCore_IDE/tool-chain/ccore-elf/lib/gcc/mcore-elf/4.6.0/c0_div\libgcc.a(_clzsi2.o)
 .debug_aranges
                0x000009c8       0x20 D:\CCore_IDE/tool-chain/ccore-elf/lib/gcc/mcore-elf/4.6.0/c0_div\libgcc.a(_pack_sf.o)
 .debug_aranges
                0x000009e8       0x20 D:\CCore_IDE/tool-chain/ccore-elf/lib/gcc/mcore-elf/4.6.0/c0_div\libgcc.a(_unpack_sf.o)
 .debug_aranges
                0x00000a08       0x20 D:\CCore_IDE/tool-chain/ccore-elf/lib/gcc/mcore-elf/4.6.0/c0_div\libgcc.a(_fpcmp_parts_sf.o)
 .debug_aranges
                0x00000a28       0x20 D:\CCore_IDE/tool-chain/ccore-elf/lib/gcc/mcore-elf/4.6.0/c0_div\libgcc.a(_pack_df.o)
 .debug_aranges
                0x00000a48       0x20 D:\CCore_IDE/tool-chain/ccore-elf/lib/gcc/mcore-elf/4.6.0/c0_div\libgcc.a(_unpack_df.o)
 .debug_aranges
                0x00000a68       0x20 D:\CCore_IDE/tool-chain/ccore-elf/lib/gcc/mcore-elf/4.6.0/c0_div\libgcc.a(_fpcmp_parts_df.o)
 .debug_aranges
                0x00000a88       0x20 D:\CCore_IDE/tool-chain/ccore-elf/lib/gcc/mcore-elf/4.6.0/c0_div\libgcc.a(_lshrdi3.o)
 .debug_aranges
                0x00000aa8       0x20 D:\CCore_IDE/tool-chain/ccore-elf/lib/gcc/mcore-elf/4.6.0/c0_div\libgcc.a(_ashldi3.o)
 .debug_aranges
                0x00000ac8      0x1d0 D:\E Battery Display Screen\project_2\LT268A_TFT_public_demo_8bits_20211026_LIB-KLL\Levetoplib\liblevetop.a(main.o)
 .debug_aranges
                0x00000c98       0x20 D:\CCore_IDE/tool-chain/ccore-elf/mcore-elf/lib/c0_div\libc.a(lib_a-atoi.o)
 .debug_aranges
                0x00000cb8       0x20 D:\CCore_IDE/tool-chain/ccore-elf/mcore-elf/lib/c0_div\libc.a(lib_a-errno.o)
 .debug_aranges
                0x00000cd8       0x20 D:\CCore_IDE/tool-chain/ccore-elf/mcore-elf/lib/c0_div\libc.a(lib_a-memcmp.o)
 .debug_aranges
                0x00000cf8       0x20 D:\CCore_IDE/tool-chain/ccore-elf/mcore-elf/lib/c0_div\libc.a(lib_a-memset.o)
 .debug_aranges
                0x00000d18       0x20 D:\CCore_IDE/tool-chain/ccore-elf/mcore-elf/lib/c0_div\libc.a(lib_a-strtol.o)
 .debug_aranges
                0x00000d38       0x20 D:\CCore_IDE/tool-chain/ccore-elf/mcore-elf/lib/c0_div\libc.a(lib_a-s_fpclassify.o)
 .debug_aranges
                0x00000d58       0x20 D:\CCore_IDE/tool-chain/ccore-elf/mcore-elf/lib/c0_div\libm.a(lib_a-w_sqrt.o)
 .debug_aranges
                0x00000d78       0x20 D:\CCore_IDE/tool-chain/ccore-elf/mcore-elf/lib/c0_div\libm.a(lib_a-e_sqrt.o)
 .debug_aranges
                0x00000d98       0x20 D:\CCore_IDE/tool-chain/ccore-elf/mcore-elf/lib/c0_div\libm.a(lib_a-s_matherr.o)
 .debug_aranges
                0x00000db8       0x20 D:\CCore_IDE/tool-chain/ccore-elf/lib/gcc/mcore-elf/4.6.0/c0_div\libgcc.a(_mul_df.o)
 .debug_aranges
                0x00000dd8       0x20 D:\CCore_IDE/tool-chain/ccore-elf/lib/gcc/mcore-elf/4.6.0/c0_div\libgcc.a(_div_df.o)
 .debug_aranges
                0x00000df8       0x20 D:\CCore_IDE/tool-chain/ccore-elf/lib/gcc/mcore-elf/4.6.0/c0_div\libgcc.a(_lt_df.o)
 .debug_aranges
                0x00000e18       0x20 D:\CCore_IDE/tool-chain/ccore-elf/lib/gcc/mcore-elf/4.6.0/c0_div\libgcc.a(_muldi3.o)

.debug_ranges   0x00000000      0xa50
 .debug_ranges  0x00000000       0x18 ./USER/main.o
 .debug_ranges  0x00000018       0x40 ./USER/vector_rce.o
 .debug_ranges  0x00000058       0xa8 ./MCU/uart/uart.o
 .debug_ranges  0x00000100       0x28 ./MCU/pwm/pwm.o
 .debug_ranges  0x00000128       0x60 ./MCU/pit/pit.o
 .debug_ranges  0x00000188       0x18 ./MCU/iostring/iostring.o
 .debug_ranges  0x000001a0       0x30 ./MCU/flash/flash.o
 .debug_ranges  0x000001d0       0x58 ./MCU/dma/dma.o
 .debug_ranges  0x00000228       0x30 ./MCU/delay/delay.o
 .debug_ranges  0x00000258       0x20 ./Function/bsp_user/bsp_user.o
 .debug_ranges  0x00000278      0x1a8 ./Function/bsp/bsp.o
 .debug_ranges  0x00000420       0x78 ./Fixed/w25qxx/w25qxx.o
 .debug_ranges  0x00000498       0xa0 ./Fixed/tp/tp.o
 .debug_ranges  0x00000538       0x20 ./Fixed/SinCosTable/SinCosTable.o
 .debug_ranges  0x00000558       0x70 ./Display/TFTLCD.o
 .debug_ranges  0x000005c8      0x140 ./Display/function.o
 .debug_ranges  0x00000708       0x18 D:\CCore_IDE/tool-chain/ccore-elf/lib/gcc/mcore-elf/4.6.0/c0_div\libgcc.a(_usi_to_sf.o)
 .debug_ranges  0x00000720       0x30 D:\CCore_IDE/tool-chain/ccore-elf/lib/gcc/mcore-elf/4.6.0/c0_div\libgcc.a(_addsub_df.o)
 .debug_ranges  0x00000750       0x38 D:\CCore_IDE/tool-chain/ccore-elf/lib/gcc/mcore-elf/4.6.0/c0_div\libgcc.a(_usi_to_df.o)
 .debug_ranges  0x00000788       0x20 D:\CCore_IDE/tool-chain/ccore-elf/lib/gcc/mcore-elf/4.6.0/c0_div\libgcc.a(_clzsi2.o)
 .debug_ranges  0x000007a8       0x18 D:\CCore_IDE/tool-chain/ccore-elf/lib/gcc/mcore-elf/4.6.0/c0_div\libgcc.a(_pack_df.o)
 .debug_ranges  0x000007c0      0x1c0 D:\E Battery Display Screen\project_2\LT268A_TFT_public_demo_8bits_20211026_LIB-KLL\Levetoplib\liblevetop.a(main.o)
 .debug_ranges  0x00000980       0x78 D:\CCore_IDE/tool-chain/ccore-elf/lib/gcc/mcore-elf/4.6.0/c0_div\libgcc.a(_mul_df.o)
 .debug_ranges  0x000009f8       0x58 D:\CCore_IDE/tool-chain/ccore-elf/lib/gcc/mcore-elf/4.6.0/c0_div\libgcc.a(_div_df.o)

.debug_line     0x00000000    0x11c5c
 .debug_line    0x00000000      0x5a8 ./USER/main.o
 .debug_line    0x000005a8      0x184 ./USER/vector_rce.o
 .debug_line    0x0000072c       0x4a ./MCU/vector_table/vector_table.o
 .debug_line    0x00000776     0x13bb ./MCU/uart/uart.o
 .debug_line    0x00001b31      0x1dd ./MCU/pwm/pwm.o
 .debug_line    0x00001d0e      0x5a7 ./MCU/pit/pit.o
 .debug_line    0x000022b5      0x277 ./MCU/iostring/iostring.o
 .debug_line    0x0000252c      0x1d5 ./MCU/flash/flash.o
 .debug_line    0x00002701      0x3ad ./MCU/dma/dma.o
 .debug_line    0x00002aae      0x2cb ./MCU/delay/delay.o
 .debug_line    0x00002d79      0x3ab ./Function/bsp_user/bsp_user.o
 .debug_line    0x00003124     0x3507 ./Function/bsp/bsp.o
 .debug_line    0x0000662b      0x63e ./Fixed/w25qxx/w25qxx.o
 .debug_line    0x00006c69      0xe00 ./Fixed/tp/tp.o
 .debug_line    0x00007a69       0xa5 ./Fixed/data/data.o
 .debug_line    0x00007b0e      0x158 ./Fixed/SinCosTable/SinCosTable.o
 .debug_line    0x00007c66      0x753 ./Display/TFTLCD.o
 .debug_line    0x000083b9       0x39 ./Display/font.o
 .debug_line    0x000083f2     0x1a7b ./Display/function.o
 .debug_line    0x00009e6d       0xab D:\CCore_IDE/tool-chain/ccore-elf/lib/gcc/mcore-elf/4.6.0/c0_div\libgcc.a(_fixunssfsi.o)
 .debug_line    0x00009f18       0xab D:\CCore_IDE/tool-chain/ccore-elf/lib/gcc/mcore-elf/4.6.0/c0_div\libgcc.a(_fixunsdfsi.o)
 .debug_line    0x00009fc3       0xd7 D:\CCore_IDE/tool-chain/ccore-elf/lib/gcc/mcore-elf/4.6.0/c0_div\libgcc.a(_gt_sf.o)
 .debug_line    0x0000a09a       0xd7 D:\CCore_IDE/tool-chain/ccore-elf/lib/gcc/mcore-elf/4.6.0/c0_div\libgcc.a(_ge_sf.o)
 .debug_line    0x0000a171       0xc7 D:\CCore_IDE/tool-chain/ccore-elf/lib/gcc/mcore-elf/4.6.0/c0_div\libgcc.a(_lt_sf.o)
 .debug_line    0x0000a238       0xc7 D:\CCore_IDE/tool-chain/ccore-elf/lib/gcc/mcore-elf/4.6.0/c0_div\libgcc.a(_le_sf.o)
 .debug_line    0x0000a2ff      0x121 D:\CCore_IDE/tool-chain/ccore-elf/lib/gcc/mcore-elf/4.6.0/c0_div\libgcc.a(_si_to_sf.o)
 .debug_line    0x0000a420      0x10f D:\CCore_IDE/tool-chain/ccore-elf/lib/gcc/mcore-elf/4.6.0/c0_div\libgcc.a(_sf_to_si.o)
 .debug_line    0x0000a52f      0x149 D:\CCore_IDE/tool-chain/ccore-elf/lib/gcc/mcore-elf/4.6.0/c0_div\libgcc.a(_usi_to_sf.o)
 .debug_line    0x0000a678      0x31c D:\CCore_IDE/tool-chain/ccore-elf/lib/gcc/mcore-elf/4.6.0/c0_div\libgcc.a(_addsub_df.o)
 .debug_line    0x0000a994       0xd7 D:\CCore_IDE/tool-chain/ccore-elf/lib/gcc/mcore-elf/4.6.0/c0_div\libgcc.a(_ge_df.o)
 .debug_line    0x0000aa6b      0x117 D:\CCore_IDE/tool-chain/ccore-elf/lib/gcc/mcore-elf/4.6.0/c0_div\libgcc.a(_df_to_si.o)
 .debug_line    0x0000ab82       0x7c D:\CCore_IDE/tool-chain/ccore-elf/lib/gcc/mcore-elf/4.6.0/c0_div\libgcc.a(_thenan_df.o)
 .debug_line    0x0000abfe      0x161 D:\CCore_IDE/tool-chain/ccore-elf/lib/gcc/mcore-elf/4.6.0/c0_div\libgcc.a(_usi_to_df.o)
 .debug_line    0x0000ad5f       0xc9 D:\CCore_IDE/tool-chain/ccore-elf/lib/gcc/mcore-elf/4.6.0/c0_div\libgcc.a(_clzsi2.o)
 .debug_line    0x0000ae28      0x21a D:\CCore_IDE/tool-chain/ccore-elf/lib/gcc/mcore-elf/4.6.0/c0_div\libgcc.a(_pack_sf.o)
 .debug_line    0x0000b042      0x179 D:\CCore_IDE/tool-chain/ccore-elf/lib/gcc/mcore-elf/4.6.0/c0_div\libgcc.a(_unpack_sf.o)
 .debug_line    0x0000b1bb      0x193 D:\CCore_IDE/tool-chain/ccore-elf/lib/gcc/mcore-elf/4.6.0/c0_div\libgcc.a(_fpcmp_parts_sf.o)
 .debug_line    0x0000b34e      0x1d6 D:\CCore_IDE/tool-chain/ccore-elf/lib/gcc/mcore-elf/4.6.0/c0_div\libgcc.a(_pack_df.o)
 .debug_line    0x0000b524      0x169 D:\CCore_IDE/tool-chain/ccore-elf/lib/gcc/mcore-elf/4.6.0/c0_div\libgcc.a(_unpack_df.o)
 .debug_line    0x0000b68d      0x19b D:\CCore_IDE/tool-chain/ccore-elf/lib/gcc/mcore-elf/4.6.0/c0_div\libgcc.a(_fpcmp_parts_df.o)
 .debug_line    0x0000b828       0xcd D:\CCore_IDE/tool-chain/ccore-elf/lib/gcc/mcore-elf/4.6.0/c0_div\libgcc.a(_lshrdi3.o)
 .debug_line    0x0000b8f5       0xcd D:\CCore_IDE/tool-chain/ccore-elf/lib/gcc/mcore-elf/4.6.0/c0_div\libgcc.a(_ashldi3.o)
 .debug_line    0x0000b9c2       0x68 D:\CCore_IDE/tool-chain/ccore-elf/lib/gcc/mcore-elf/4.6.0/c0_div\libgcc.a(_clz.o)
 .debug_line    0x0000ba2a     0x4816 D:\E Battery Display Screen\project_2\LT268A_TFT_public_demo_8bits_20211026_LIB-KLL\Levetoplib\liblevetop.a(main.o)
 .debug_line    0x00010240      0x1b0 D:\CCore_IDE/tool-chain/ccore-elf/mcore-elf/lib/c0_div\libc.a(lib_a-atoi.o)
 .debug_line    0x000103f0      0x134 D:\CCore_IDE/tool-chain/ccore-elf/mcore-elf/lib/c0_div\libc.a(lib_a-errno.o)
 .debug_line    0x00010524      0x11a D:\CCore_IDE/tool-chain/ccore-elf/mcore-elf/lib/c0_div\libc.a(lib_a-impure.o)
 .debug_line    0x0001063e      0x19c D:\CCore_IDE/tool-chain/ccore-elf/mcore-elf/lib/c0_div\libc.a(lib_a-memcmp.o)
 .debug_line    0x000107da      0x23a D:\CCore_IDE/tool-chain/ccore-elf/mcore-elf/lib/c0_div\libc.a(lib_a-memset.o)
 .debug_line    0x00010a14      0x36b D:\CCore_IDE/tool-chain/ccore-elf/mcore-elf/lib/c0_div\libc.a(lib_a-strtol.o)
 .debug_line    0x00010d7f       0x7e D:\CCore_IDE/tool-chain/ccore-elf/mcore-elf/lib/c0_div\libc.a(lib_a-ctype_.o)
 .debug_line    0x00010dfd      0x1f7 D:\CCore_IDE/tool-chain/ccore-elf/mcore-elf/lib/c0_div\libc.a(lib_a-s_fpclassify.o)
 .debug_line    0x00010ff4      0x154 D:\CCore_IDE/tool-chain/ccore-elf/mcore-elf/lib/c0_div\libm.a(lib_a-w_sqrt.o)
 .debug_line    0x00011148      0x342 D:\CCore_IDE/tool-chain/ccore-elf/mcore-elf/lib/c0_div\libm.a(lib_a-e_sqrt.o)
 .debug_line    0x0001148a       0x7d D:\CCore_IDE/tool-chain/ccore-elf/mcore-elf/lib/c0_div\libm.a(lib_a-s_lib_ver.o)
 .debug_line    0x00011507       0xcf D:\CCore_IDE/tool-chain/ccore-elf/mcore-elf/lib/c0_div\libm.a(lib_a-s_matherr.o)
 .debug_line    0x000115d6      0x2ed D:\CCore_IDE/tool-chain/ccore-elf/lib/gcc/mcore-elf/4.6.0/c0_div\libgcc.a(_mul_df.o)
 .debug_line    0x000118c3      0x21f D:\CCore_IDE/tool-chain/ccore-elf/lib/gcc/mcore-elf/4.6.0/c0_div\libgcc.a(_div_df.o)
 .debug_line    0x00011ae2       0xc7 D:\CCore_IDE/tool-chain/ccore-elf/lib/gcc/mcore-elf/4.6.0/c0_div\libgcc.a(_lt_df.o)
 .debug_line    0x00011ba9       0xb3 D:\CCore_IDE/tool-chain/ccore-elf/lib/gcc/mcore-elf/4.6.0/c0_div\libgcc.a(_muldi3.o)

.debug_str      0x00000000     0xcab7
 .debug_str     0x00000000      0xaa0 ./USER/main.o
 .debug_str     0x00000aa0      0x116 ./USER/vector_rce.o
 .debug_str     0x00000bb6      0x134 ./MCU/vector_table/vector_table.o
 .debug_str     0x00000cea      0x900 ./MCU/uart/uart.o
 .debug_str     0x000015ea      0x4cc ./MCU/pwm/pwm.o
 .debug_str     0x00001ab6      0x4e1 ./MCU/pit/pit.o
 .debug_str     0x00001f97      0x124 ./MCU/iostring/iostring.o
 .debug_str     0x000020bb      0x14f ./MCU/flash/flash.o
 .debug_str     0x0000220a      0x5fd ./MCU/dma/dma.o
 .debug_str     0x00002807      0x168 ./MCU/delay/delay.o
 .debug_str     0x0000296f      0x1e9 ./Function/bsp_user/bsp_user.o
 .debug_str     0x00002b58      0xbcb ./Function/bsp/bsp.o
 .debug_str     0x00003723      0x43b ./Fixed/w25qxx/w25qxx.o
 .debug_str     0x00003b5e      0xe97 ./Fixed/tp/tp.o
 .debug_str     0x000049f5      0x273 ./Fixed/data/data.o
 .debug_str     0x00004c68       0xf8 ./Fixed/SinCosTable/SinCosTable.o
 .debug_str     0x00004d60      0xd21 ./Display/TFTLCD.o
 .debug_str     0x00005a81       0xc2 ./Display/font.o
 .debug_str     0x00005b43      0xff0 ./Display/function.o
 .debug_str     0x00006b33      0x14f D:\CCore_IDE/tool-chain/ccore-elf/lib/gcc/mcore-elf/4.6.0/c0_div\libgcc.a(_fixunssfsi.o)
 .debug_str     0x00006c82      0x14f D:\CCore_IDE/tool-chain/ccore-elf/lib/gcc/mcore-elf/4.6.0/c0_div\libgcc.a(_fixunsdfsi.o)
 .debug_str     0x00006dd1      0x1cc D:\CCore_IDE/tool-chain/ccore-elf/lib/gcc/mcore-elf/4.6.0/c0_div\libgcc.a(_gt_sf.o)
 .debug_str     0x00006f9d      0x1cc D:\CCore_IDE/tool-chain/ccore-elf/lib/gcc/mcore-elf/4.6.0/c0_div\libgcc.a(_ge_sf.o)
 .debug_str     0x00007169      0x1cc D:\CCore_IDE/tool-chain/ccore-elf/lib/gcc/mcore-elf/4.6.0/c0_div\libgcc.a(_lt_sf.o)
 .debug_str     0x00007335      0x1cc D:\CCore_IDE/tool-chain/ccore-elf/lib/gcc/mcore-elf/4.6.0/c0_div\libgcc.a(_le_sf.o)
 .debug_str     0x00007501      0x1bf D:\CCore_IDE/tool-chain/ccore-elf/lib/gcc/mcore-elf/4.6.0/c0_div\libgcc.a(_si_to_sf.o)
 .debug_str     0x000076c0      0x1d4 D:\CCore_IDE/tool-chain/ccore-elf/lib/gcc/mcore-elf/4.6.0/c0_div\libgcc.a(_sf_to_si.o)
 .debug_str     0x00007894      0x1bb D:\CCore_IDE/tool-chain/ccore-elf/lib/gcc/mcore-elf/4.6.0/c0_div\libgcc.a(_usi_to_sf.o)
 .debug_str     0x00007a4f      0x24a D:\CCore_IDE/tool-chain/ccore-elf/lib/gcc/mcore-elf/4.6.0/c0_div\libgcc.a(_addsub_df.o)
 .debug_str     0x00007c99      0x1d2 D:\CCore_IDE/tool-chain/ccore-elf/lib/gcc/mcore-elf/4.6.0/c0_div\libgcc.a(_ge_df.o)
 .debug_str     0x00007e6b      0x1da D:\CCore_IDE/tool-chain/ccore-elf/lib/gcc/mcore-elf/4.6.0/c0_div\libgcc.a(_df_to_si.o)
 .debug_str     0x00008045      0x17b D:\CCore_IDE/tool-chain/ccore-elf/lib/gcc/mcore-elf/4.6.0/c0_div\libgcc.a(_thenan_df.o)
 .debug_str     0x000081c0      0x1bb D:\CCore_IDE/tool-chain/ccore-elf/lib/gcc/mcore-elf/4.6.0/c0_div\libgcc.a(_usi_to_df.o)
 .debug_str     0x0000837b      0x15b D:\CCore_IDE/tool-chain/ccore-elf/lib/gcc/mcore-elf/4.6.0/c0_div\libgcc.a(_clzsi2.o)
 .debug_str     0x000084d6      0x1d3 D:\CCore_IDE/tool-chain/ccore-elf/lib/gcc/mcore-elf/4.6.0/c0_div\libgcc.a(_pack_sf.o)
 .debug_str     0x000086a9      0x1b5 D:\CCore_IDE/tool-chain/ccore-elf/lib/gcc/mcore-elf/4.6.0/c0_div\libgcc.a(_unpack_sf.o)
 .debug_str     0x0000885e      0x19e D:\CCore_IDE/tool-chain/ccore-elf/lib/gcc/mcore-elf/4.6.0/c0_div\libgcc.a(_fpcmp_parts_sf.o)
 .debug_str     0x000089fc      0x1d9 D:\CCore_IDE/tool-chain/ccore-elf/lib/gcc/mcore-elf/4.6.0/c0_div\libgcc.a(_pack_df.o)
 .debug_str     0x00008bd5      0x1bb D:\CCore_IDE/tool-chain/ccore-elf/lib/gcc/mcore-elf/4.6.0/c0_div\libgcc.a(_unpack_df.o)
 .debug_str     0x00008d90      0x19e D:\CCore_IDE/tool-chain/ccore-elf/lib/gcc/mcore-elf/4.6.0/c0_div\libgcc.a(_fpcmp_parts_df.o)
 .debug_str     0x00008f2e      0x17b D:\CCore_IDE/tool-chain/ccore-elf/lib/gcc/mcore-elf/4.6.0/c0_div\libgcc.a(_lshrdi3.o)
 .debug_str     0x000090a9      0x17b D:\CCore_IDE/tool-chain/ccore-elf/lib/gcc/mcore-elf/4.6.0/c0_div\libgcc.a(_ashldi3.o)
 .debug_str     0x00009224      0x13e D:\CCore_IDE/tool-chain/ccore-elf/lib/gcc/mcore-elf/4.6.0/c0_div\libgcc.a(_clz.o)
 .debug_str     0x00009362     0x1057 D:\E Battery Display Screen\project_2\LT268A_TFT_public_demo_8bits_20211026_LIB-KLL\Levetoplib\liblevetop.a(main.o)
 .debug_str     0x0000a3b9      0x4e9 D:\CCore_IDE/tool-chain/ccore-elf/mcore-elf/lib/c0_div\libc.a(lib_a-atoi.o)
 .debug_str     0x0000a8a2      0x4ef D:\CCore_IDE/tool-chain/ccore-elf/mcore-elf/lib/c0_div\libc.a(lib_a-errno.o)
 .debug_str     0x0000ad91      0x507 D:\CCore_IDE/tool-chain/ccore-elf/mcore-elf/lib/c0_div\libc.a(lib_a-impure.o)
 .debug_str     0x0000b298      0x13d D:\CCore_IDE/tool-chain/ccore-elf/mcore-elf/lib/c0_div\libc.a(lib_a-memcmp.o)
 .debug_str     0x0000b3d5      0x151 D:\CCore_IDE/tool-chain/ccore-elf/mcore-elf/lib/c0_div\libc.a(lib_a-memset.o)
 .debug_str     0x0000b526      0x52d D:\CCore_IDE/tool-chain/ccore-elf/mcore-elf/lib/c0_div\libc.a(lib_a-strtol.o)
 .debug_str     0x0000ba53       0xcc D:\CCore_IDE/tool-chain/ccore-elf/mcore-elf/lib/c0_div\libc.a(lib_a-ctype_.o)
 .debug_str     0x0000bb1f      0x18f D:\CCore_IDE/tool-chain/ccore-elf/mcore-elf/lib/c0_div\libc.a(lib_a-s_fpclassify.o)
 .debug_str     0x0000bcae      0x1c9 D:\CCore_IDE/tool-chain/ccore-elf/mcore-elf/lib/c0_div\libm.a(lib_a-w_sqrt.o)
 .debug_str     0x0000be77      0x19f D:\CCore_IDE/tool-chain/ccore-elf/mcore-elf/lib/c0_div\libm.a(lib_a-e_sqrt.o)
 .debug_str     0x0000c016      0x1a6 D:\CCore_IDE/tool-chain/ccore-elf/mcore-elf/lib/c0_div\libm.a(lib_a-s_lib_ver.o)
 .debug_str     0x0000c1bc      0x178 D:\CCore_IDE/tool-chain/ccore-elf/mcore-elf/lib/c0_div\libm.a(lib_a-s_matherr.o)
 .debug_str     0x0000c334      0x21c D:\CCore_IDE/tool-chain/ccore-elf/lib/gcc/mcore-elf/4.6.0/c0_div\libgcc.a(_mul_df.o)
 .debug_str     0x0000c550      0x20c D:\CCore_IDE/tool-chain/ccore-elf/lib/gcc/mcore-elf/4.6.0/c0_div\libgcc.a(_div_df.o)
 .debug_str     0x0000c75c      0x1d2 D:\CCore_IDE/tool-chain/ccore-elf/lib/gcc/mcore-elf/4.6.0/c0_div\libgcc.a(_lt_df.o)
 .debug_str     0x0000c92e      0x189 D:\CCore_IDE/tool-chain/ccore-elf/lib/gcc/mcore-elf/4.6.0/c0_div\libgcc.a(_muldi3.o)

.comment        0x00000000       0x11
 .comment       0x00000000       0x11 ./USER/main.o
                                 0x12 (size before relaxing)
 .comment       0x00000000       0x12 ./USER/vector_rce.o
 .comment       0x00000000       0x12 ./MCU/vector_table/vector_table.o
 .comment       0x00000000       0x12 ./MCU/uart/uart.o
 .comment       0x00000000       0x12 ./MCU/pwm/pwm.o
 .comment       0x00000000       0x12 ./MCU/pit/pit.o
 .comment       0x00000000       0x12 ./MCU/iostring/iostring.o
 .comment       0x00000000       0x12 ./MCU/flash/flash.o
 .comment       0x00000000       0x12 ./MCU/dma/dma.o
 .comment       0x00000000       0x12 ./MCU/delay/delay.o
 .comment       0x00000000       0x12 ./Function/bsp_user/bsp_user.o
 .comment       0x00000000       0x12 ./Function/bsp/bsp.o
 .comment       0x00000000       0x12 ./Fixed/w25qxx/w25qxx.o
 .comment       0x00000000       0x12 ./Fixed/tp/tp.o
 .comment       0x00000000       0x12 ./Fixed/data/data.o
 .comment       0x00000000       0x12 ./Fixed/SinCosTable/SinCosTable.o
 .comment       0x00000000       0x12 ./Display/TFTLCD.o
 .comment       0x00000000       0x12 ./Display/font.o
 .comment       0x00000000       0x12 ./Display/function.o
 .comment       0x00000000       0x12 D:\CCore_IDE/tool-chain/ccore-elf/lib/gcc/mcore-elf/4.6.0/c0_div\libgcc.a(_fixunssfsi.o)
 .comment       0x00000000       0x12 D:\CCore_IDE/tool-chain/ccore-elf/lib/gcc/mcore-elf/4.6.0/c0_div\libgcc.a(_fixunsdfsi.o)
 .comment       0x00000000       0x12 D:\CCore_IDE/tool-chain/ccore-elf/lib/gcc/mcore-elf/4.6.0/c0_div\libgcc.a(_gt_sf.o)
 .comment       0x00000000       0x12 D:\CCore_IDE/tool-chain/ccore-elf/lib/gcc/mcore-elf/4.6.0/c0_div\libgcc.a(_ge_sf.o)
 .comment       0x00000000       0x12 D:\CCore_IDE/tool-chain/ccore-elf/lib/gcc/mcore-elf/4.6.0/c0_div\libgcc.a(_lt_sf.o)
 .comment       0x00000000       0x12 D:\CCore_IDE/tool-chain/ccore-elf/lib/gcc/mcore-elf/4.6.0/c0_div\libgcc.a(_le_sf.o)
 .comment       0x00000000       0x12 D:\CCore_IDE/tool-chain/ccore-elf/lib/gcc/mcore-elf/4.6.0/c0_div\libgcc.a(_si_to_sf.o)
 .comment       0x00000000       0x12 D:\CCore_IDE/tool-chain/ccore-elf/lib/gcc/mcore-elf/4.6.0/c0_div\libgcc.a(_sf_to_si.o)
 .comment       0x00000000       0x12 D:\CCore_IDE/tool-chain/ccore-elf/lib/gcc/mcore-elf/4.6.0/c0_div\libgcc.a(_usi_to_sf.o)
 .comment       0x00000000       0x12 D:\CCore_IDE/tool-chain/ccore-elf/lib/gcc/mcore-elf/4.6.0/c0_div\libgcc.a(_addsub_df.o)
 .comment       0x00000000       0x12 D:\CCore_IDE/tool-chain/ccore-elf/lib/gcc/mcore-elf/4.6.0/c0_div\libgcc.a(_ge_df.o)
 .comment       0x00000000       0x12 D:\CCore_IDE/tool-chain/ccore-elf/lib/gcc/mcore-elf/4.6.0/c0_div\libgcc.a(_df_to_si.o)
 .comment       0x00000000       0x12 D:\CCore_IDE/tool-chain/ccore-elf/lib/gcc/mcore-elf/4.6.0/c0_div\libgcc.a(_thenan_df.o)
 .comment       0x00000000       0x12 D:\CCore_IDE/tool-chain/ccore-elf/lib/gcc/mcore-elf/4.6.0/c0_div\libgcc.a(_usi_to_df.o)